// Jest Snapshot v1, https://goo.gl/fbAQLP

exports[`should render Toolbar succesfully 1`] = `"<div class=\\"tabMenu\\"><div class=\\"css-nil ðŸ“¦mt_12px ðŸ“¦mb_12px ðŸ“¦ml_300px ðŸ“¦box-szg_border-box\\"><div role=\\"tablist\\" class=\\"ðŸ“¦box-szg_border-box\\"><span class=\\"css-11bc0q4 ðŸ“¦color_white ðŸ“¦fnt-fam_b77syt ðŸ“¦fnt-sze_12px ðŸ“¦f-wght_500 ðŸ“¦ln-ht_28px ðŸ“¦ltr-spc_0 ðŸ“¦h_28px ðŸ“¦dspl_inline-flex ðŸ“¦pl_8px ðŸ“¦pr_8px ðŸ“¦ml_4px ðŸ“¦mr_4px ðŸ“¦bblr_3px ðŸ“¦bbrr_3px ðŸ“¦btlr_3px ðŸ“¦btrr_3px ðŸ“¦algn-itms_center ðŸ“¦just-cnt_center ðŸ“¦txt-deco_none ðŸ“¦box-szg_border-box\\" tabindex=\\"0\\" id=\\"Metrics\\" aria-controls=\\"panel-Metrics\\" aria-selected=\\"true\\" role=\\"tab\\">Metrics</span><span class=\\"css-11bc0q4 ðŸ“¦color_white ðŸ“¦fnt-fam_b77syt ðŸ“¦fnt-sze_12px ðŸ“¦f-wght_500 ðŸ“¦ln-ht_28px ðŸ“¦ltr-spc_0 ðŸ“¦h_28px ðŸ“¦dspl_inline-flex ðŸ“¦pl_8px ðŸ“¦pr_8px ðŸ“¦ml_4px ðŸ“¦mr_4px ðŸ“¦bblr_3px ðŸ“¦bbrr_3px ðŸ“¦btlr_3px ðŸ“¦btrr_3px ðŸ“¦algn-itms_center ðŸ“¦just-cnt_center ðŸ“¦txt-deco_none ðŸ“¦box-szg_border-box\\" tabindex=\\"0\\" id=\\"Metric Graph\\" aria-controls=\\"panel-Metric Graph\\" aria-selected=\\"false\\" role=\\"tab\\">Metric Graph</span><span class=\\"css-11bc0q4 ðŸ“¦color_white ðŸ“¦fnt-fam_b77syt ðŸ“¦fnt-sze_12px ðŸ“¦f-wght_500 ðŸ“¦ln-ht_28px ðŸ“¦ltr-spc_0 ðŸ“¦h_28px ðŸ“¦dspl_inline-flex ðŸ“¦pl_8px ðŸ“¦pr_8px ðŸ“¦ml_4px ðŸ“¦mr_4px ðŸ“¦bblr_3px ðŸ“¦bbrr_3px ðŸ“¦btlr_3px ðŸ“¦btrr_3px ðŸ“¦algn-itms_center ðŸ“¦just-cnt_center ðŸ“¦txt-deco_none ðŸ“¦box-szg_border-box\\" tabindex=\\"0\\" id=\\"Tree\\" aria-controls=\\"panel-Tree\\" aria-selected=\\"false\\" role=\\"tab\\">Tree</span></div></div><div class=\\"menu\\"><button class=\\"css-69cngj ðŸ“¦fnt-fam_b77syt ðŸ“¦mt_0px ðŸ“¦fnt-sze_12px ðŸ“¦f-wght_500 ðŸ“¦ln-ht_32px ðŸ“¦ltr-spc_0 ðŸ“¦btrr_3px ðŸ“¦bbrr_3px ðŸ“¦btlr_3px ðŸ“¦bblr_3px ðŸ“¦pt_0px ðŸ“¦pb_0px ðŸ“¦pr_16px ðŸ“¦pl_16px ðŸ“¦ml_0px ðŸ“¦mr_16px ðŸ“¦mb_0px ðŸ“¦h_32px ðŸ“¦pst_relative ðŸ“¦dspl_inline-flex ðŸ“¦algn-itms_center ðŸ“¦flx-wrap_nowrap ðŸ“¦box-szg_border-box\\" role=\\"button\\" aria-haspopup=\\"true\\">Menu</button></div></div>"`;
