// Jest Snapshot v1, https://goo.gl/fbAQLP

exports[`should render ClassDiagram as expected 1`] = `"<div role=\\"button\\" aria-haspopup=\\"true\\" class=\\"css-nil ðŸ“¦w_50px ðŸ“¦h_50px ðŸ“¦dspl_flex ðŸ“¦algn-itms_center ðŸ“¦just-cnt_center ðŸ“¦bg-clr_3498db ðŸ“¦box-szg_border-box\\">A</div>"`;
