// Jest Snapshot v1, https://goo.gl/fbAQLP

exports[`should render MetricPaneContainer as expected 1`] = `"<div class=\\"metricPaneContainer\\"><div class=\\"css-nil ðŸ“¦bs_kymczs ðŸ“¦bg_1eozcqw ðŸ“¦dspl_flex ðŸ“¦flx-wrap_wrap ðŸ“¦box-szg_border-box\\"><div class=\\"css-nil ðŸ“¦b-top_1px-solid-E4E7EB ðŸ“¦b-rgt_1px-solid-E4E7EB ðŸ“¦b-btm_1px-solid-E4E7EB ðŸ“¦b-lft_1px-solid-E4E7EB ðŸ“¦bs_kymczs ðŸ“¦bg_q368mw ðŸ“¦b-btm-clr_black ðŸ“¦b-lft-clr_black ðŸ“¦b-rgt-clr_black ðŸ“¦b-top-clr_black ðŸ“¦flt_left ðŸ“¦w_120px ðŸ“¦h_120px ðŸ“¦mb_24px ðŸ“¦ml_24px ðŸ“¦mr_24px ðŸ“¦mt_24px ðŸ“¦dspl_flex ðŸ“¦flx-drct_column ðŸ“¦algn-itms_center ðŸ“¦just-cnt_center ðŸ“¦box-szg_border-box\\"><div class=\\"metricInfo\\"><span class=\\"ðŸ“¦color_black ðŸ“¦fnt-fam_b77syt ðŸ“¦fnt-sze_14px ðŸ“¦f-wght_400 ðŸ“¦ln-ht_20px ðŸ“¦ltr-spc_-0-05px ðŸ“¦box-szg_border-box\\">Cyclomatic Complexity</span><span class=\\"ðŸ“¦color_black ðŸ“¦fnt-fam_b77syt ðŸ“¦fnt-sze_14px ðŸ“¦f-wght_400 ðŸ“¦ln-ht_20px ðŸ“¦ltr-spc_-0-05px ðŸ“¦box-szg_border-box\\">10</span></div></div><div class=\\"css-nil ðŸ“¦b-top_1px-solid-E4E7EB ðŸ“¦b-rgt_1px-solid-E4E7EB ðŸ“¦b-btm_1px-solid-E4E7EB ðŸ“¦b-lft_1px-solid-E4E7EB ðŸ“¦bs_kymczs ðŸ“¦bg_1275103 ðŸ“¦b-btm-clr_black ðŸ“¦b-lft-clr_black ðŸ“¦b-rgt-clr_black ðŸ“¦b-top-clr_black ðŸ“¦flt_left ðŸ“¦w_120px ðŸ“¦h_120px ðŸ“¦mb_24px ðŸ“¦ml_24px ðŸ“¦mr_24px ðŸ“¦mt_24px ðŸ“¦dspl_flex ðŸ“¦flx-drct_column ðŸ“¦algn-itms_center ðŸ“¦just-cnt_center ðŸ“¦box-szg_border-box\\"><div class=\\"metricInfo\\"><span class=\\"ðŸ“¦color_black ðŸ“¦fnt-fam_b77syt ðŸ“¦fnt-sze_14px ðŸ“¦f-wght_400 ðŸ“¦ln-ht_20px ðŸ“¦ltr-spc_-0-05px ðŸ“¦box-szg_border-box\\">Logical Lines of Code</span><span class=\\"ðŸ“¦color_black ðŸ“¦fnt-fam_b77syt ðŸ“¦fnt-sze_14px ðŸ“¦f-wght_400 ðŸ“¦ln-ht_20px ðŸ“¦ltr-spc_-0-05px ðŸ“¦box-szg_border-box\\">10</span></div></div><div class=\\"css-nil ðŸ“¦b-top_1px-solid-E4E7EB ðŸ“¦b-rgt_1px-solid-E4E7EB ðŸ“¦b-btm_1px-solid-E4E7EB ðŸ“¦b-lft_1px-solid-E4E7EB ðŸ“¦bs_kymczs ðŸ“¦bg_q368mw ðŸ“¦b-btm-clr_black ðŸ“¦b-lft-clr_black ðŸ“¦b-rgt-clr_black ðŸ“¦b-top-clr_black ðŸ“¦flt_left ðŸ“¦w_120px ðŸ“¦h_120px ðŸ“¦mb_24px ðŸ“¦ml_24px ðŸ“¦mr_24px ðŸ“¦mt_24px ðŸ“¦dspl_flex ðŸ“¦flx-drct_column ðŸ“¦algn-itms_center ðŸ“¦just-cnt_center ðŸ“¦box-szg_border-box\\"><div class=\\"metricInfo\\"><span class=\\"ðŸ“¦color_black ðŸ“¦fnt-fam_b77syt ðŸ“¦fnt-sze_14px ðŸ“¦f-wght_400 ðŸ“¦ln-ht_20px ðŸ“¦ltr-spc_-0-05px ðŸ“¦box-szg_border-box\\">Lines of Comment</span><span class=\\"ðŸ“¦color_black ðŸ“¦fnt-fam_b77syt ðŸ“¦fnt-sze_14px ðŸ“¦f-wght_400 ðŸ“¦ln-ht_20px ðŸ“¦ltr-spc_-0-05px ðŸ“¦box-szg_border-box\\">10</span></div></div><div class=\\"css-nil ðŸ“¦b-top_1px-solid-E4E7EB ðŸ“¦b-rgt_1px-solid-E4E7EB ðŸ“¦b-btm_1px-solid-E4E7EB ðŸ“¦b-lft_1px-solid-E4E7EB ðŸ“¦bs_kymczs ðŸ“¦bg_q368mw ðŸ“¦b-btm-clr_black ðŸ“¦b-lft-clr_black ðŸ“¦b-rgt-clr_black ðŸ“¦b-top-clr_black ðŸ“¦flt_left ðŸ“¦w_120px ðŸ“¦h_120px ðŸ“¦mb_24px ðŸ“¦ml_24px ðŸ“¦mr_24px ðŸ“¦mt_24px ðŸ“¦dspl_flex ðŸ“¦flx-drct_column ðŸ“¦algn-itms_center ðŸ“¦just-cnt_center ðŸ“¦box-szg_border-box\\"><div class=\\"metricInfo\\"><span class=\\"ðŸ“¦color_black ðŸ“¦fnt-fam_b77syt ðŸ“¦fnt-sze_14px ðŸ“¦f-wght_400 ðŸ“¦ln-ht_20px ðŸ“¦ltr-spc_-0-05px ðŸ“¦box-szg_border-box\\">Afferent Coupling</span><span class=\\"ðŸ“¦color_black ðŸ“¦fnt-fam_b77syt ðŸ“¦fnt-sze_14px ðŸ“¦f-wght_400 ðŸ“¦ln-ht_20px ðŸ“¦ltr-spc_-0-05px ðŸ“¦box-szg_border-box\\">10</span></div></div><div class=\\"css-nil ðŸ“¦b-top_1px-solid-E4E7EB ðŸ“¦b-rgt_1px-solid-E4E7EB ðŸ“¦b-btm_1px-solid-E4E7EB ðŸ“¦b-lft_1px-solid-E4E7EB ðŸ“¦bs_kymczs ðŸ“¦bg_6xs4tx ðŸ“¦b-btm-clr_black ðŸ“¦b-lft-clr_black ðŸ“¦b-rgt-clr_black ðŸ“¦b-top-clr_black ðŸ“¦flt_left ðŸ“¦w_120px ðŸ“¦h_120px ðŸ“¦mb_24px ðŸ“¦ml_24px ðŸ“¦mr_24px ðŸ“¦mt_24px ðŸ“¦dspl_flex ðŸ“¦flx-drct_column ðŸ“¦algn-itms_center ðŸ“¦just-cnt_center ðŸ“¦box-szg_border-box\\"><div class=\\"metricInfo\\"><span class=\\"ðŸ“¦color_black ðŸ“¦fnt-fam_b77syt ðŸ“¦fnt-sze_14px ðŸ“¦f-wght_400 ðŸ“¦ln-ht_20px ðŸ“¦ltr-spc_-0-05px ðŸ“¦box-szg_border-box\\">Efferent Coupling</span><span class=\\"ðŸ“¦color_black ðŸ“¦fnt-fam_b77syt ðŸ“¦fnt-sze_14px ðŸ“¦f-wght_400 ðŸ“¦ln-ht_20px ðŸ“¦ltr-spc_-0-05px ðŸ“¦box-szg_border-box\\">10</span></div></div><div class=\\"css-nil ðŸ“¦b-top_1px-solid-E4E7EB ðŸ“¦b-rgt_1px-solid-E4E7EB ðŸ“¦b-btm_1px-solid-E4E7EB ðŸ“¦b-lft_1px-solid-E4E7EB ðŸ“¦bs_kymczs ðŸ“¦bg_q368mw ðŸ“¦b-btm-clr_black ðŸ“¦b-lft-clr_black ðŸ“¦b-rgt-clr_black ðŸ“¦b-top-clr_black ðŸ“¦flt_left ðŸ“¦w_120px ðŸ“¦h_120px ðŸ“¦mb_24px ðŸ“¦ml_24px ðŸ“¦mr_24px ðŸ“¦mt_24px ðŸ“¦dspl_flex ðŸ“¦flx-drct_column ðŸ“¦algn-itms_center ðŸ“¦just-cnt_center ðŸ“¦box-szg_border-box\\"><div class=\\"metricInfo\\"><span class=\\"ðŸ“¦color_black ðŸ“¦fnt-fam_b77syt ðŸ“¦fnt-sze_14px ðŸ“¦f-wght_400 ðŸ“¦ln-ht_20px ðŸ“¦ltr-spc_-0-05px ðŸ“¦box-szg_border-box\\">Instability</span><span class=\\"ðŸ“¦color_black ðŸ“¦fnt-fam_b77syt ðŸ“¦fnt-sze_14px ðŸ“¦f-wght_400 ðŸ“¦ln-ht_20px ðŸ“¦ltr-spc_-0-05px ðŸ“¦box-szg_border-box\\">10</span></div></div><div class=\\"css-nil ðŸ“¦b-top_1px-solid-E4E7EB ðŸ“¦b-rgt_1px-solid-E4E7EB ðŸ“¦b-btm_1px-solid-E4E7EB ðŸ“¦b-lft_1px-solid-E4E7EB ðŸ“¦bs_kymczs ðŸ“¦bg_6xs4tx ðŸ“¦b-btm-clr_black ðŸ“¦b-lft-clr_black ðŸ“¦b-rgt-clr_black ðŸ“¦b-top-clr_black ðŸ“¦flt_left ðŸ“¦w_120px ðŸ“¦h_120px ðŸ“¦mb_24px ðŸ“¦ml_24px ðŸ“¦mr_24px ðŸ“¦mt_24px ðŸ“¦dspl_flex ðŸ“¦flx-drct_column ðŸ“¦algn-itms_center ðŸ“¦just-cnt_center ðŸ“¦box-szg_border-box\\"><div class=\\"metricInfo\\"><span class=\\"ðŸ“¦color_black ðŸ“¦fnt-fam_b77syt ðŸ“¦fnt-sze_14px ðŸ“¦f-wght_400 ðŸ“¦ln-ht_20px ðŸ“¦ltr-spc_-0-05px ðŸ“¦box-szg_border-box\\">Method Cohesion</span><span class=\\"ðŸ“¦color_black ðŸ“¦fnt-fam_b77syt ðŸ“¦fnt-sze_14px ðŸ“¦f-wght_400 ðŸ“¦ln-ht_20px ðŸ“¦ltr-spc_-0-05px ðŸ“¦box-szg_border-box\\">10</span></div></div><div class=\\"css-nil ðŸ“¦b-top_1px-solid-E4E7EB ðŸ“¦b-rgt_1px-solid-E4E7EB ðŸ“¦b-btm_1px-solid-E4E7EB ðŸ“¦b-lft_1px-solid-E4E7EB ðŸ“¦bs_kymczs ðŸ“¦bg_q368mw ðŸ“¦b-btm-clr_black ðŸ“¦b-lft-clr_black ðŸ“¦b-rgt-clr_black ðŸ“¦b-top-clr_black ðŸ“¦flt_left ðŸ“¦w_120px ðŸ“¦h_120px ðŸ“¦mb_24px ðŸ“¦ml_24px ðŸ“¦mr_24px ðŸ“¦mt_24px ðŸ“¦dspl_flex ðŸ“¦flx-drct_column ðŸ“¦algn-itms_center ðŸ“¦just-cnt_center ðŸ“¦box-szg_border-box\\"><div class=\\"metricInfo\\"><span class=\\"ðŸ“¦color_black ðŸ“¦fnt-fam_b77syt ðŸ“¦fnt-sze_14px ðŸ“¦f-wght_400 ðŸ“¦ln-ht_20px ðŸ“¦ltr-spc_-0-05px ðŸ“¦box-szg_border-box\\">Relational Cohesion</span><span class=\\"ðŸ“¦color_black ðŸ“¦fnt-fam_b77syt ðŸ“¦fnt-sze_14px ðŸ“¦f-wght_400 ðŸ“¦ln-ht_20px ðŸ“¦ltr-spc_-0-05px ðŸ“¦box-szg_border-box\\">10</span></div></div><div class=\\"css-nil ðŸ“¦b-top_1px-solid-E4E7EB ðŸ“¦b-rgt_1px-solid-E4E7EB ðŸ“¦b-btm_1px-solid-E4E7EB ðŸ“¦b-lft_1px-solid-E4E7EB ðŸ“¦bs_kymczs ðŸ“¦bg_1275103 ðŸ“¦b-btm-clr_black ðŸ“¦b-lft-clr_black ðŸ“¦b-rgt-clr_black ðŸ“¦b-top-clr_black ðŸ“¦flt_left ðŸ“¦w_120px ðŸ“¦h_120px ðŸ“¦mb_24px ðŸ“¦ml_24px ðŸ“¦mr_24px ðŸ“¦mt_24px ðŸ“¦dspl_flex ðŸ“¦flx-drct_column ðŸ“¦algn-itms_center ðŸ“¦just-cnt_center ðŸ“¦box-szg_border-box\\"><div class=\\"metricInfo\\"><span class=\\"ðŸ“¦color_black ðŸ“¦fnt-fam_b77syt ðŸ“¦fnt-sze_14px ðŸ“¦f-wght_400 ðŸ“¦ln-ht_20px ðŸ“¦ltr-spc_-0-05px ðŸ“¦box-szg_border-box\\">Nesting Depth</span><span class=\\"ðŸ“¦color_black ðŸ“¦fnt-fam_b77syt ðŸ“¦fnt-sze_14px ðŸ“¦f-wght_400 ðŸ“¦ln-ht_20px ðŸ“¦ltr-spc_-0-05px ðŸ“¦box-szg_border-box\\">10</span></div></div></div></div><div class=\\"overviewContainer\\"><div class=\\"css-nil ðŸ“¦bs_kymczs ðŸ“¦bg_1eozcqw ðŸ“¦dspl_flex ðŸ“¦flx-drct_column ðŸ“¦w_100prcnt ðŸ“¦box-szg_border-box\\"><canvas height=\\"150\\" width=\\"150\\"></canvas></div></div>"`;
