// Jest Snapshot v1, https://goo.gl/fbAQLP

exports[`should render green MetricPane as expected 1`] = `"<div class=\\"css-nil ðŸ“¦b-top_1px-solid-E4E7EB ðŸ“¦b-rgt_1px-solid-E4E7EB ðŸ“¦b-btm_1px-solid-E4E7EB ðŸ“¦b-lft_1px-solid-E4E7EB ðŸ“¦bs_kymczs ðŸ“¦bg_q368mw ðŸ“¦b-btm-clr_black ðŸ“¦b-lft-clr_black ðŸ“¦b-rgt-clr_black ðŸ“¦b-top-clr_black ðŸ“¦flt_left ðŸ“¦w_120px ðŸ“¦h_120px ðŸ“¦mb_24px ðŸ“¦ml_24px ðŸ“¦mr_24px ðŸ“¦mt_24px ðŸ“¦dspl_flex ðŸ“¦flx-drct_column ðŸ“¦algn-itms_center ðŸ“¦just-cnt_center ðŸ“¦box-szg_border-box\\"><div class=\\"metricInfo\\"><span class=\\"ðŸ“¦color_black ðŸ“¦fnt-fam_b77syt ðŸ“¦fnt-sze_14px ðŸ“¦f-wght_400 ðŸ“¦ln-ht_20px ðŸ“¦ltr-spc_-0-05px ðŸ“¦box-szg_border-box\\">greenPane</span><span class=\\"ðŸ“¦color_black ðŸ“¦fnt-fam_b77syt ðŸ“¦fnt-sze_14px ðŸ“¦f-wght_400 ðŸ“¦ln-ht_20px ðŸ“¦ltr-spc_-0-05px ðŸ“¦box-szg_border-box\\">test</span></div></div>"`;

exports[`should render orange MetricPane as expected 1`] = `"<div class=\\"css-nil ðŸ“¦b-top_1px-solid-E4E7EB ðŸ“¦b-rgt_1px-solid-E4E7EB ðŸ“¦b-btm_1px-solid-E4E7EB ðŸ“¦b-lft_1px-solid-E4E7EB ðŸ“¦bs_kymczs ðŸ“¦bg_1275103 ðŸ“¦b-btm-clr_black ðŸ“¦b-lft-clr_black ðŸ“¦b-rgt-clr_black ðŸ“¦b-top-clr_black ðŸ“¦flt_left ðŸ“¦w_120px ðŸ“¦h_120px ðŸ“¦mb_24px ðŸ“¦ml_24px ðŸ“¦mr_24px ðŸ“¦mt_24px ðŸ“¦dspl_flex ðŸ“¦flx-drct_column ðŸ“¦algn-itms_center ðŸ“¦just-cnt_center ðŸ“¦box-szg_border-box\\"><div class=\\"metricInfo\\"><span class=\\"ðŸ“¦color_black ðŸ“¦fnt-fam_b77syt ðŸ“¦fnt-sze_14px ðŸ“¦f-wght_400 ðŸ“¦ln-ht_20px ðŸ“¦ltr-spc_-0-05px ðŸ“¦box-szg_border-box\\">orangePane</span><span class=\\"ðŸ“¦color_black ðŸ“¦fnt-fam_b77syt ðŸ“¦fnt-sze_14px ðŸ“¦f-wght_400 ðŸ“¦ln-ht_20px ðŸ“¦ltr-spc_-0-05px ðŸ“¦box-szg_border-box\\">test</span></div></div>"`;

exports[`should render red MetricPane as expected 1`] = `"<div class=\\"css-nil ðŸ“¦b-top_1px-solid-E4E7EB ðŸ“¦b-rgt_1px-solid-E4E7EB ðŸ“¦b-btm_1px-solid-E4E7EB ðŸ“¦b-lft_1px-solid-E4E7EB ðŸ“¦bs_kymczs ðŸ“¦bg_6xs4tx ðŸ“¦b-btm-clr_black ðŸ“¦b-lft-clr_black ðŸ“¦b-rgt-clr_black ðŸ“¦b-top-clr_black ðŸ“¦flt_left ðŸ“¦w_120px ðŸ“¦h_120px ðŸ“¦mb_24px ðŸ“¦ml_24px ðŸ“¦mr_24px ðŸ“¦mt_24px ðŸ“¦dspl_flex ðŸ“¦flx-drct_column ðŸ“¦algn-itms_center ðŸ“¦just-cnt_center ðŸ“¦box-szg_border-box\\"><div class=\\"metricInfo\\"><span class=\\"ðŸ“¦color_black ðŸ“¦fnt-fam_b77syt ðŸ“¦fnt-sze_14px ðŸ“¦f-wght_400 ðŸ“¦ln-ht_20px ðŸ“¦ltr-spc_-0-05px ðŸ“¦box-szg_border-box\\">redPane</span><span class=\\"ðŸ“¦color_black ðŸ“¦fnt-fam_b77syt ðŸ“¦fnt-sze_14px ðŸ“¦f-wght_400 ðŸ“¦ln-ht_20px ðŸ“¦ltr-spc_-0-05px ðŸ“¦box-szg_border-box\\">test</span></div></div>"`;
