// Jest Snapshot v1, https://goo.gl/fbAQLP

exports[`should open create file dialog on plus icon click 1`] = `"<div data-state=\\"entering\\" class=\\"css-xeqldi ðŸ“¦pst_fixed ðŸ“¦top_0px ðŸ“¦lft_0px ðŸ“¦rgt_0px ðŸ“¦btm_0px ðŸ“¦z-idx_20 ðŸ“¦dspl_flex ðŸ“¦algn-itms_flex-start ðŸ“¦just-cnt_center ðŸ“¦box-szg_border-box\\"><div role=\\"dialog\\" data-state=\\"entering\\" class=\\"css-1dccw9w css-nil ðŸ“¦bs_kymczs ðŸ“¦bg-clr_white ðŸ“¦bblr_8px ðŸ“¦bbrr_8px ðŸ“¦btlr_8px ðŸ“¦btrr_8px ðŸ“¦w_560px ðŸ“¦max-w_1tuz4jc ðŸ“¦max-h_1duvey0 ðŸ“¦ml_16px ðŸ“¦mr_16px ðŸ“¦mb_12vmin ðŸ“¦mt_12vmin ðŸ“¦dspl_flex ðŸ“¦flx-drct_column ðŸ“¦box-szg_border-box\\"><div class=\\"css-nil ðŸ“¦b-btm_1px-solid-EDF0F2 ðŸ“¦pb_16px ðŸ“¦pl_16px ðŸ“¦pr_16px ðŸ“¦pt_16px ðŸ“¦flx-srnk_0 ðŸ“¦dspl_flex ðŸ“¦algn-itms_center ðŸ“¦box-szg_border-box\\"><h4 class=\\"ðŸ“¦mt_0px ðŸ“¦mb_0px ðŸ“¦fnt-sze_20px ðŸ“¦f-wght_500 ðŸ“¦ln-ht_24px ðŸ“¦ltr-spc_-0-07px ðŸ“¦fnt-fam_wm9v6k ðŸ“¦color_234361 ðŸ“¦flx_1 ðŸ“¦box-szg_border-box\\">Create</h4><button class=\\"css-1ii3p2c ðŸ“¦fnt-fam_b77syt ðŸ“¦mt_0px ðŸ“¦fnt-sze_12px ðŸ“¦f-wght_500 ðŸ“¦ln-ht_32px ðŸ“¦ltr-spc_0 ðŸ“¦btrr_3px ðŸ“¦bbrr_3px ðŸ“¦btlr_3px ðŸ“¦bblr_3px ðŸ“¦pt_0px ðŸ“¦pb_0px ðŸ“¦pr_0px ðŸ“¦pl_0px ðŸ“¦ml_0px ðŸ“¦mr_0px ðŸ“¦mb_0px ðŸ“¦h_32px ðŸ“¦pst_relative ðŸ“¦dspl_flex ðŸ“¦algn-itms_center ðŸ“¦flx-wrap_nowrap ðŸ“¦w_32px ðŸ“¦just-cnt_center ðŸ“¦box-szg_border-box\\"><svg style=\\"fill: #66788A;\\" data-icon=\\"cross\\" viewBox=\\"0 0 16 16\\" class=\\"ðŸ“¦w_14px ðŸ“¦h_14px ðŸ“¦box-szg_border-box\\"><path d=\\"M9.41 8l3.29-3.29c.19-.18.3-.43.3-.71a1.003 1.003 0 00-1.71-.71L8 6.59l-3.29-3.3a1.003 1.003 0 00-1.42 1.42L6.59 8 3.3 11.29c-.19.18-.3.43-.3.71a1.003 1.003 0 001.71.71L8 9.41l3.29 3.29c.18.19.43.3.71.3a1.003 1.003 0 00.71-1.71L9.41 8z\\" fill-rule=\\"evenodd\\"></path></svg></button></div><div data-state=\\"entering\\" class=\\"css-nil ðŸ“¦dspl_flex ðŸ“¦ovflw-x_auto ðŸ“¦ovflw-y_auto ðŸ“¦pb_16px ðŸ“¦pl_16px ðŸ“¦pr_16px ðŸ“¦pt_16px ðŸ“¦flx-drct_column ðŸ“¦min-h_80px ðŸ“¦box-szg_border-box\\"><div class=\\"css-nil ðŸ“¦box-szg_border-box\\"><div class=\\"css-1rjh7i5 css-nil ðŸ“¦bs_dn7fs ðŸ“¦bg-clr_white ðŸ“¦ovflw-x_hidden ðŸ“¦ovflw-y_hidden ðŸ“¦pst_relative ðŸ“¦dspl_flex ðŸ“¦pb_12px ðŸ“¦pt_12px ðŸ“¦pl_16px ðŸ“¦pr_16px ðŸ“¦mt_2px ðŸ“¦mb_8px ðŸ“¦box-szg_border-box\\" role=\\"alert\\" id=\\"noneAlert\\"><div class=\\"css-nil ðŸ“¦mr_10px ðŸ“¦ml_2px ðŸ“¦h_20px ðŸ“¦dspl_flex ðŸ“¦algn-itms_center ðŸ“¦box-szg_border-box\\"><svg style=\\"fill: #1070ca;\\" data-icon=\\"info-sign\\" viewBox=\\"0 0 16 16\\" class=\\"ðŸ“¦w_14px ðŸ“¦h_14px ðŸ“¦box-szg_border-box\\"><path d=\\"M8 0C3.58 0 0 3.58 0 8s3.58 8 8 8 8-3.58 8-8-3.58-8-8-8zM7 3h2v2H7V3zm3 10H6v-1h1V7H6V6h3v6h1v1z\\" fill-rule=\\"evenodd\\"></path></svg></div><div class=\\"css-nil ðŸ“¦dspl_flex ðŸ“¦w_100prcnt ðŸ“¦box-szg_border-box\\"><div class=\\"css-nil ðŸ“¦flx_1 ðŸ“¦box-szg_border-box\\"><h4 class=\\"ðŸ“¦mt_0px ðŸ“¦mb_0px ðŸ“¦fnt-sze_14px ðŸ“¦f-wght_600 ðŸ“¦ln-ht_20px ðŸ“¦ltr-spc_-0-05px ðŸ“¦fnt-fam_b77syt ðŸ“¦color_234361 ðŸ“¦box-szg_border-box\\">none</h4></div></div></div><div class=\\"fileTab\\"><div class=\\"icons\\"><button class=\\"css-69cngj ðŸ“¦fnt-fam_b77syt ðŸ“¦mt_0px ðŸ“¦fnt-sze_12px ðŸ“¦f-wght_500 ðŸ“¦ln-ht_32px ðŸ“¦ltr-spc_0 ðŸ“¦btrr_3px ðŸ“¦bbrr_3px ðŸ“¦btlr_3px ðŸ“¦bblr_3px ðŸ“¦pt_0px ðŸ“¦pb_0px ðŸ“¦pr_0px ðŸ“¦pl_0px ðŸ“¦ml_0px ðŸ“¦mr_0px ðŸ“¦mb_0px ðŸ“¦h_32px ðŸ“¦pst_relative ðŸ“¦dspl_flex ðŸ“¦algn-itms_center ðŸ“¦flx-wrap_nowrap ðŸ“¦w_32px ðŸ“¦just-cnt_center ðŸ“¦box-szg_border-box\\" id=\\"plus\\"><svg style=\\"fill: #66788A;\\" data-icon=\\"plus\\" viewBox=\\"0 0 16 16\\" class=\\"ðŸ“¦w_14px ðŸ“¦h_14px ðŸ“¦box-szg_border-box\\"><path d=\\"M13 7H9V3c0-.55-.45-1-1-1s-1 .45-1 1v4H3c-.55 0-1 .45-1 1s.45 1 1 1h4v4c0 .55.45 1 1 1s1-.45 1-1V9h4c.55 0 1-.45 1-1s-.45-1-1-1z\\" fill-rule=\\"evenodd\\"></path></svg></button><button class=\\"css-69cngj ðŸ“¦fnt-fam_b77syt ðŸ“¦mt_0px ðŸ“¦fnt-sze_12px ðŸ“¦f-wght_500 ðŸ“¦ln-ht_32px ðŸ“¦ltr-spc_0 ðŸ“¦btrr_3px ðŸ“¦bbrr_3px ðŸ“¦btlr_3px ðŸ“¦bblr_3px ðŸ“¦pt_0px ðŸ“¦pb_0px ðŸ“¦pr_0px ðŸ“¦pl_0px ðŸ“¦ml_0px ðŸ“¦mr_0px ðŸ“¦mb_0px ðŸ“¦h_32px ðŸ“¦pst_relative ðŸ“¦dspl_flex ðŸ“¦algn-itms_center ðŸ“¦flx-wrap_nowrap ðŸ“¦w_32px ðŸ“¦just-cnt_center ðŸ“¦box-szg_border-box\\" id=\\"edit\\"><svg style=\\"fill: #66788A;\\" data-icon=\\"edit\\" viewBox=\\"0 0 16 16\\" class=\\"ðŸ“¦w_14px ðŸ“¦h_14px ðŸ“¦box-szg_border-box\\"><path d=\\"M3.25 10.26l2.47 2.47 6.69-6.69-2.46-2.48-6.7 6.7zM.99 14.99l3.86-1.39-2.46-2.44-1.4 3.83zm12.25-14c-.48 0-.92.2-1.24.51l-1.44 1.44 2.47 2.47 1.44-1.44c.32-.32.51-.75.51-1.24.01-.95-.77-1.74-1.74-1.74z\\" fill-rule=\\"evenodd\\"></path></svg></button><button class=\\"css-5pze3j ðŸ“¦fnt-fam_b77syt ðŸ“¦mt_0px ðŸ“¦fnt-sze_12px ðŸ“¦f-wght_500 ðŸ“¦ln-ht_32px ðŸ“¦ltr-spc_0 ðŸ“¦btrr_3px ðŸ“¦bbrr_3px ðŸ“¦btlr_3px ðŸ“¦bblr_3px ðŸ“¦pt_0px ðŸ“¦pb_0px ðŸ“¦pr_0px ðŸ“¦pl_0px ðŸ“¦ml_0px ðŸ“¦mr_0px ðŸ“¦mb_0px ðŸ“¦h_32px ðŸ“¦pst_relative ðŸ“¦dspl_flex ðŸ“¦algn-itms_center ðŸ“¦flx-wrap_nowrap ðŸ“¦w_32px ðŸ“¦just-cnt_center ðŸ“¦box-szg_border-box\\" id=\\"trash\\"><svg style=\\"fill: currentColor;\\" data-icon=\\"trash\\" viewBox=\\"0 0 16 16\\" class=\\"ðŸ“¦w_14px ðŸ“¦h_14px ðŸ“¦box-szg_border-box\\"><path d=\\"M14.49 3.99h-13c-.28 0-.5.22-.5.5s.22.5.5.5h.5v10c0 .55.45 1 1 1h10c.55 0 1-.45 1-1v-10h.5c.28 0 .5-.22.5-.5s-.22-.5-.5-.5zm-8.5 9c0 .55-.45 1-1 1s-1-.45-1-1v-6c0-.55.45-1 1-1s1 .45 1 1v6zm3 0c0 .55-.45 1-1 1s-1-.45-1-1v-6c0-.55.45-1 1-1s1 .45 1 1v6zm3 0c0 .55-.45 1-1 1s-1-.45-1-1v-6c0-.55.45-1 1-1s1 .45 1 1v6zm2-12h-4c0-.55-.45-1-1-1h-2c-.55 0-1 .45-1 1h-4c-.55 0-1 .45-1 1v1h14v-1c0-.55-.45-1-1-1z\\" fill-rule=\\"evenodd\\"></path></svg></button></div><div class=\\"css-nil ðŸ“¦h_16px ðŸ“¦box-szg_border-box\\"><div role=\\"tablist\\" class=\\"ðŸ“¦mb_14px ðŸ“¦flx-basis_240px ðŸ“¦mr_24px ðŸ“¦box-szg_border-box\\"><span class=\\"css-11bc0q4 ðŸ“¦color_425A70 ðŸ“¦fnt-fam_b77syt ðŸ“¦fnt-sze_12px ðŸ“¦f-wght_500 ðŸ“¦ln-ht_28px ðŸ“¦ltr-spc_0 ðŸ“¦h_28px ðŸ“¦dspl_inline-flex ðŸ“¦pl_8px ðŸ“¦pr_8px ðŸ“¦ml_4px ðŸ“¦mr_4px ðŸ“¦bblr_3px ðŸ“¦bbrr_3px ðŸ“¦btlr_3px ðŸ“¦btrr_3px ðŸ“¦algn-itms_center ðŸ“¦just-cnt_center ðŸ“¦txt-deco_none ðŸ“¦box-szg_border-box\\" tabindex=\\"0\\" id=\\"File\\" aria-controls=\\"panel-File\\" aria-selected=\\"true\\" role=\\"tab\\">File</span></div></div></div><div class=\\"createModeContainer\\"><div class=\\"textAreaContainer\\"><textarea class=\\"css-5ljhhe ðŸ“¦color_425A70 ðŸ“¦fnt-fam_b77syt ðŸ“¦fnt-sze_14px ðŸ“¦f-wght_400 ðŸ“¦ln-ht_20px ðŸ“¦ltr-spc_-0-05px ðŸ“¦w_100prcnt ðŸ“¦pl_10px ðŸ“¦pr_10px ðŸ“¦bblr_3px ðŸ“¦bbrr_3px ðŸ“¦btlr_3px ðŸ“¦btrr_3px ðŸ“¦min-h_80px ðŸ“¦pb_8px ðŸ“¦pt_8px ðŸ“¦box-szg_border-box\\" spellcheck=\\"true\\" aria-invalid=\\"false\\" data-gramm_editor=\\"false\\" name=\\"textArea\\" id=\\"textAreaId\\" placholder=\\"Input your code here..\\"></textarea></div></div></div></div><div class=\\"css-nil ðŸ“¦b-top_1px-solid-EDF0F2 ðŸ“¦clearfix ðŸ“¦box-szg_border-box\\"><div class=\\"css-nil ðŸ“¦pb_16px ðŸ“¦pl_16px ðŸ“¦pr_16px ðŸ“¦pt_16px ðŸ“¦flt_right ðŸ“¦box-szg_border-box\\"><button class=\\"css-69cngj ðŸ“¦fnt-fam_b77syt ðŸ“¦mt_0px ðŸ“¦fnt-sze_12px ðŸ“¦f-wght_500 ðŸ“¦ln-ht_32px ðŸ“¦ltr-spc_0 ðŸ“¦btrr_3px ðŸ“¦bbrr_3px ðŸ“¦btlr_3px ðŸ“¦bblr_3px ðŸ“¦pt_0px ðŸ“¦pb_0px ðŸ“¦pr_16px ðŸ“¦pl_16px ðŸ“¦ml_0px ðŸ“¦mr_0px ðŸ“¦mb_0px ðŸ“¦h_32px ðŸ“¦pst_relative ðŸ“¦dspl_inline-flex ðŸ“¦algn-itms_center ðŸ“¦flx-wrap_nowrap ðŸ“¦box-szg_border-box\\" tabindex=\\"0\\">Cancel</button><button class=\\"css-nwvixr ðŸ“¦fnt-fam_b77syt ðŸ“¦mt_0px ðŸ“¦fnt-sze_12px ðŸ“¦f-wght_500 ðŸ“¦ln-ht_32px ðŸ“¦ltr-spc_0 ðŸ“¦btrr_3px ðŸ“¦bbrr_3px ðŸ“¦btlr_3px ðŸ“¦bblr_3px ðŸ“¦pt_0px ðŸ“¦pb_0px ðŸ“¦pr_16px ðŸ“¦pl_16px ðŸ“¦ml_8px ðŸ“¦mr_0px ðŸ“¦mb_0px ðŸ“¦h_32px ðŸ“¦pst_relative ðŸ“¦dspl_inline-flex ðŸ“¦algn-itms_center ðŸ“¦flx-wrap_nowrap ðŸ“¦box-szg_border-box\\" tabindex=\\"0\\">Upload</button></div></div></div></div>"`;

exports[`should render CreateModal succesfully 1`] = `"<div data-state=\\"entering\\" class=\\"css-xeqldi ðŸ“¦pst_fixed ðŸ“¦top_0px ðŸ“¦lft_0px ðŸ“¦rgt_0px ðŸ“¦btm_0px ðŸ“¦z-idx_20 ðŸ“¦dspl_flex ðŸ“¦algn-itms_flex-start ðŸ“¦just-cnt_center ðŸ“¦box-szg_border-box\\"><div role=\\"dialog\\" data-state=\\"entering\\" class=\\"css-1dccw9w css-nil ðŸ“¦bs_kymczs ðŸ“¦bg-clr_white ðŸ“¦bblr_8px ðŸ“¦bbrr_8px ðŸ“¦btlr_8px ðŸ“¦btrr_8px ðŸ“¦w_560px ðŸ“¦max-w_1tuz4jc ðŸ“¦max-h_1duvey0 ðŸ“¦ml_16px ðŸ“¦mr_16px ðŸ“¦mb_12vmin ðŸ“¦mt_12vmin ðŸ“¦dspl_flex ðŸ“¦flx-drct_column ðŸ“¦box-szg_border-box\\"><div class=\\"css-nil ðŸ“¦b-btm_1px-solid-EDF0F2 ðŸ“¦pb_16px ðŸ“¦pl_16px ðŸ“¦pr_16px ðŸ“¦pt_16px ðŸ“¦flx-srnk_0 ðŸ“¦dspl_flex ðŸ“¦algn-itms_center ðŸ“¦box-szg_border-box\\"><h4 class=\\"ðŸ“¦mt_0px ðŸ“¦mb_0px ðŸ“¦fnt-sze_20px ðŸ“¦f-wght_500 ðŸ“¦ln-ht_24px ðŸ“¦ltr-spc_-0-07px ðŸ“¦fnt-fam_wm9v6k ðŸ“¦color_234361 ðŸ“¦flx_1 ðŸ“¦box-szg_border-box\\">Create</h4><button class=\\"css-1ii3p2c ðŸ“¦fnt-fam_b77syt ðŸ“¦mt_0px ðŸ“¦fnt-sze_12px ðŸ“¦f-wght_500 ðŸ“¦ln-ht_32px ðŸ“¦ltr-spc_0 ðŸ“¦btrr_3px ðŸ“¦bbrr_3px ðŸ“¦btlr_3px ðŸ“¦bblr_3px ðŸ“¦pt_0px ðŸ“¦pb_0px ðŸ“¦pr_0px ðŸ“¦pl_0px ðŸ“¦ml_0px ðŸ“¦mr_0px ðŸ“¦mb_0px ðŸ“¦h_32px ðŸ“¦pst_relative ðŸ“¦dspl_flex ðŸ“¦algn-itms_center ðŸ“¦flx-wrap_nowrap ðŸ“¦w_32px ðŸ“¦just-cnt_center ðŸ“¦box-szg_border-box\\"><svg style=\\"fill: #66788A;\\" data-icon=\\"cross\\" viewBox=\\"0 0 16 16\\" class=\\"ðŸ“¦w_14px ðŸ“¦h_14px ðŸ“¦box-szg_border-box\\"><path d=\\"M9.41 8l3.29-3.29c.19-.18.3-.43.3-.71a1.003 1.003 0 00-1.71-.71L8 6.59l-3.29-3.3a1.003 1.003 0 00-1.42 1.42L6.59 8 3.3 11.29c-.19.18-.3.43-.3.71a1.003 1.003 0 001.71.71L8 9.41l3.29 3.29c.18.19.43.3.71.3a1.003 1.003 0 00.71-1.71L9.41 8z\\" fill-rule=\\"evenodd\\"></path></svg></button></div><div data-state=\\"entering\\" class=\\"css-nil ðŸ“¦dspl_flex ðŸ“¦ovflw-x_auto ðŸ“¦ovflw-y_auto ðŸ“¦pb_16px ðŸ“¦pl_16px ðŸ“¦pr_16px ðŸ“¦pt_16px ðŸ“¦flx-drct_column ðŸ“¦min-h_80px ðŸ“¦box-szg_border-box\\"><div class=\\"css-nil ðŸ“¦box-szg_border-box\\"><div class=\\"css-1rjh7i5 css-nil ðŸ“¦bs_dn7fs ðŸ“¦bg-clr_white ðŸ“¦ovflw-x_hidden ðŸ“¦ovflw-y_hidden ðŸ“¦pst_relative ðŸ“¦dspl_flex ðŸ“¦pb_12px ðŸ“¦pt_12px ðŸ“¦pl_16px ðŸ“¦pr_16px ðŸ“¦mt_2px ðŸ“¦mb_8px ðŸ“¦box-szg_border-box\\" role=\\"alert\\" id=\\"noneAlert\\"><div class=\\"css-nil ðŸ“¦mr_10px ðŸ“¦ml_2px ðŸ“¦h_20px ðŸ“¦dspl_flex ðŸ“¦algn-itms_center ðŸ“¦box-szg_border-box\\"><svg style=\\"fill: #1070ca;\\" data-icon=\\"info-sign\\" viewBox=\\"0 0 16 16\\" class=\\"ðŸ“¦w_14px ðŸ“¦h_14px ðŸ“¦box-szg_border-box\\"><path d=\\"M8 0C3.58 0 0 3.58 0 8s3.58 8 8 8 8-3.58 8-8-3.58-8-8-8zM7 3h2v2H7V3zm3 10H6v-1h1V7H6V6h3v6h1v1z\\" fill-rule=\\"evenodd\\"></path></svg></div><div class=\\"css-nil ðŸ“¦dspl_flex ðŸ“¦w_100prcnt ðŸ“¦box-szg_border-box\\"><div class=\\"css-nil ðŸ“¦flx_1 ðŸ“¦box-szg_border-box\\"><h4 class=\\"ðŸ“¦mt_0px ðŸ“¦mb_0px ðŸ“¦fnt-sze_14px ðŸ“¦f-wght_600 ðŸ“¦ln-ht_20px ðŸ“¦ltr-spc_-0-05px ðŸ“¦fnt-fam_b77syt ðŸ“¦color_234361 ðŸ“¦box-szg_border-box\\">none</h4></div></div></div><div class=\\"fileTab\\"><div class=\\"icons\\"><button class=\\"css-69cngj ðŸ“¦fnt-fam_b77syt ðŸ“¦mt_0px ðŸ“¦fnt-sze_12px ðŸ“¦f-wght_500 ðŸ“¦ln-ht_32px ðŸ“¦ltr-spc_0 ðŸ“¦btrr_3px ðŸ“¦bbrr_3px ðŸ“¦btlr_3px ðŸ“¦bblr_3px ðŸ“¦pt_0px ðŸ“¦pb_0px ðŸ“¦pr_0px ðŸ“¦pl_0px ðŸ“¦ml_0px ðŸ“¦mr_0px ðŸ“¦mb_0px ðŸ“¦h_32px ðŸ“¦pst_relative ðŸ“¦dspl_flex ðŸ“¦algn-itms_center ðŸ“¦flx-wrap_nowrap ðŸ“¦w_32px ðŸ“¦just-cnt_center ðŸ“¦box-szg_border-box\\" id=\\"plus\\"><svg style=\\"fill: #66788A;\\" data-icon=\\"plus\\" viewBox=\\"0 0 16 16\\" class=\\"ðŸ“¦w_14px ðŸ“¦h_14px ðŸ“¦box-szg_border-box\\"><path d=\\"M13 7H9V3c0-.55-.45-1-1-1s-1 .45-1 1v4H3c-.55 0-1 .45-1 1s.45 1 1 1h4v4c0 .55.45 1 1 1s1-.45 1-1V9h4c.55 0 1-.45 1-1s-.45-1-1-1z\\" fill-rule=\\"evenodd\\"></path></svg></button><button class=\\"css-69cngj ðŸ“¦fnt-fam_b77syt ðŸ“¦mt_0px ðŸ“¦fnt-sze_12px ðŸ“¦f-wght_500 ðŸ“¦ln-ht_32px ðŸ“¦ltr-spc_0 ðŸ“¦btrr_3px ðŸ“¦bbrr_3px ðŸ“¦btlr_3px ðŸ“¦bblr_3px ðŸ“¦pt_0px ðŸ“¦pb_0px ðŸ“¦pr_0px ðŸ“¦pl_0px ðŸ“¦ml_0px ðŸ“¦mr_0px ðŸ“¦mb_0px ðŸ“¦h_32px ðŸ“¦pst_relative ðŸ“¦dspl_flex ðŸ“¦algn-itms_center ðŸ“¦flx-wrap_nowrap ðŸ“¦w_32px ðŸ“¦just-cnt_center ðŸ“¦box-szg_border-box\\" id=\\"edit\\"><svg style=\\"fill: #66788A;\\" data-icon=\\"edit\\" viewBox=\\"0 0 16 16\\" class=\\"ðŸ“¦w_14px ðŸ“¦h_14px ðŸ“¦box-szg_border-box\\"><path d=\\"M3.25 10.26l2.47 2.47 6.69-6.69-2.46-2.48-6.7 6.7zM.99 14.99l3.86-1.39-2.46-2.44-1.4 3.83zm12.25-14c-.48 0-.92.2-1.24.51l-1.44 1.44 2.47 2.47 1.44-1.44c.32-.32.51-.75.51-1.24.01-.95-.77-1.74-1.74-1.74z\\" fill-rule=\\"evenodd\\"></path></svg></button><button class=\\"css-5pze3j ðŸ“¦fnt-fam_b77syt ðŸ“¦mt_0px ðŸ“¦fnt-sze_12px ðŸ“¦f-wght_500 ðŸ“¦ln-ht_32px ðŸ“¦ltr-spc_0 ðŸ“¦btrr_3px ðŸ“¦bbrr_3px ðŸ“¦btlr_3px ðŸ“¦bblr_3px ðŸ“¦pt_0px ðŸ“¦pb_0px ðŸ“¦pr_0px ðŸ“¦pl_0px ðŸ“¦ml_0px ðŸ“¦mr_0px ðŸ“¦mb_0px ðŸ“¦h_32px ðŸ“¦pst_relative ðŸ“¦dspl_flex ðŸ“¦algn-itms_center ðŸ“¦flx-wrap_nowrap ðŸ“¦w_32px ðŸ“¦just-cnt_center ðŸ“¦box-szg_border-box\\" id=\\"trash\\"><svg style=\\"fill: currentColor;\\" data-icon=\\"trash\\" viewBox=\\"0 0 16 16\\" class=\\"ðŸ“¦w_14px ðŸ“¦h_14px ðŸ“¦box-szg_border-box\\"><path d=\\"M14.49 3.99h-13c-.28 0-.5.22-.5.5s.22.5.5.5h.5v10c0 .55.45 1 1 1h10c.55 0 1-.45 1-1v-10h.5c.28 0 .5-.22.5-.5s-.22-.5-.5-.5zm-8.5 9c0 .55-.45 1-1 1s-1-.45-1-1v-6c0-.55.45-1 1-1s1 .45 1 1v6zm3 0c0 .55-.45 1-1 1s-1-.45-1-1v-6c0-.55.45-1 1-1s1 .45 1 1v6zm3 0c0 .55-.45 1-1 1s-1-.45-1-1v-6c0-.55.45-1 1-1s1 .45 1 1v6zm2-12h-4c0-.55-.45-1-1-1h-2c-.55 0-1 .45-1 1h-4c-.55 0-1 .45-1 1v1h14v-1c0-.55-.45-1-1-1z\\" fill-rule=\\"evenodd\\"></path></svg></button></div><div class=\\"css-nil ðŸ“¦h_16px ðŸ“¦box-szg_border-box\\"><div role=\\"tablist\\" class=\\"ðŸ“¦mb_14px ðŸ“¦flx-basis_240px ðŸ“¦mr_24px ðŸ“¦box-szg_border-box\\"><span class=\\"css-11bc0q4 ðŸ“¦color_425A70 ðŸ“¦fnt-fam_b77syt ðŸ“¦fnt-sze_12px ðŸ“¦f-wght_500 ðŸ“¦ln-ht_28px ðŸ“¦ltr-spc_0 ðŸ“¦h_28px ðŸ“¦dspl_inline-flex ðŸ“¦pl_8px ðŸ“¦pr_8px ðŸ“¦ml_4px ðŸ“¦mr_4px ðŸ“¦bblr_3px ðŸ“¦bbrr_3px ðŸ“¦btlr_3px ðŸ“¦btrr_3px ðŸ“¦algn-itms_center ðŸ“¦just-cnt_center ðŸ“¦txt-deco_none ðŸ“¦box-szg_border-box\\" tabindex=\\"0\\" id=\\"File\\" aria-controls=\\"panel-File\\" aria-selected=\\"true\\" role=\\"tab\\">File</span></div></div></div><div class=\\"createModeContainer\\"><div class=\\"textAreaContainer\\"><textarea class=\\"css-5ljhhe ðŸ“¦color_425A70 ðŸ“¦fnt-fam_b77syt ðŸ“¦fnt-sze_14px ðŸ“¦f-wght_400 ðŸ“¦ln-ht_20px ðŸ“¦ltr-spc_-0-05px ðŸ“¦w_100prcnt ðŸ“¦pl_10px ðŸ“¦pr_10px ðŸ“¦bblr_3px ðŸ“¦bbrr_3px ðŸ“¦btlr_3px ðŸ“¦btrr_3px ðŸ“¦min-h_80px ðŸ“¦pb_8px ðŸ“¦pt_8px ðŸ“¦box-szg_border-box\\" spellcheck=\\"true\\" aria-invalid=\\"false\\" data-gramm_editor=\\"false\\" name=\\"textArea\\" id=\\"textAreaId\\" placholder=\\"Input your code here..\\"></textarea></div></div></div></div><div class=\\"css-nil ðŸ“¦b-top_1px-solid-EDF0F2 ðŸ“¦clearfix ðŸ“¦box-szg_border-box\\"><div class=\\"css-nil ðŸ“¦pb_16px ðŸ“¦pl_16px ðŸ“¦pr_16px ðŸ“¦pt_16px ðŸ“¦flt_right ðŸ“¦box-szg_border-box\\"><button class=\\"css-69cngj ðŸ“¦fnt-fam_b77syt ðŸ“¦mt_0px ðŸ“¦fnt-sze_12px ðŸ“¦f-wght_500 ðŸ“¦ln-ht_32px ðŸ“¦ltr-spc_0 ðŸ“¦btrr_3px ðŸ“¦bbrr_3px ðŸ“¦btlr_3px ðŸ“¦bblr_3px ðŸ“¦pt_0px ðŸ“¦pb_0px ðŸ“¦pr_16px ðŸ“¦pl_16px ðŸ“¦ml_0px ðŸ“¦mr_0px ðŸ“¦mb_0px ðŸ“¦h_32px ðŸ“¦pst_relative ðŸ“¦dspl_inline-flex ðŸ“¦algn-itms_center ðŸ“¦flx-wrap_nowrap ðŸ“¦box-szg_border-box\\" tabindex=\\"0\\">Cancel</button><button class=\\"css-nwvixr ðŸ“¦fnt-fam_b77syt ðŸ“¦mt_0px ðŸ“¦fnt-sze_12px ðŸ“¦f-wght_500 ðŸ“¦ln-ht_32px ðŸ“¦ltr-spc_0 ðŸ“¦btrr_3px ðŸ“¦bbrr_3px ðŸ“¦btlr_3px ðŸ“¦bblr_3px ðŸ“¦pt_0px ðŸ“¦pb_0px ðŸ“¦pr_16px ðŸ“¦pl_16px ðŸ“¦ml_8px ðŸ“¦mr_0px ðŸ“¦mb_0px ðŸ“¦h_32px ðŸ“¦pst_relative ðŸ“¦dspl_inline-flex ðŸ“¦algn-itms_center ðŸ“¦flx-wrap_nowrap ðŸ“¦box-szg_border-box\\" tabindex=\\"0\\">Upload</button></div></div></div></div>"`;

exports[`should render with alert when alertInfo is passed 1`] = `"<div class=\\"css-m00c4x css-nil ðŸ“¦bs_dn7fs ðŸ“¦bg-clr_white ðŸ“¦ovflw-x_hidden ðŸ“¦ovflw-y_hidden ðŸ“¦pst_relative ðŸ“¦dspl_flex ðŸ“¦pb_12px ðŸ“¦pt_12px ðŸ“¦pl_16px ðŸ“¦pr_16px ðŸ“¦mt_2px ðŸ“¦mb_8px ðŸ“¦box-szg_border-box\\" role=\\"alert\\" id=\\"successAlert\\"><div class=\\"css-nil ðŸ“¦mr_10px ðŸ“¦ml_2px ðŸ“¦h_20px ðŸ“¦dspl_flex ðŸ“¦algn-itms_center ðŸ“¦box-szg_border-box\\"><svg style=\\"fill: #47b881;\\" data-icon=\\"tick-circle\\" viewBox=\\"0 0 16 16\\" class=\\"ðŸ“¦w_14px ðŸ“¦h_14px ðŸ“¦box-szg_border-box\\"><path d=\\"M8 16c-4.42 0-8-3.58-8-8s3.58-8 8-8 8 3.58 8 8-3.58 8-8 8zm4-11c-.28 0-.53.11-.71.29L7 9.59l-2.29-2.3a1.003 1.003 0 00-1.42 1.42l3 3c.18.18.43.29.71.29s.53-.11.71-.29l5-5A1.003 1.003 0 0012 5z\\" fill-rule=\\"evenodd\\"></path></svg></div><div class=\\"css-nil ðŸ“¦dspl_flex ðŸ“¦w_100prcnt ðŸ“¦box-szg_border-box\\"><div class=\\"css-nil ðŸ“¦flx_1 ðŸ“¦box-szg_border-box\\"><h4 class=\\"ðŸ“¦mt_0px ðŸ“¦mb_0px ðŸ“¦fnt-sze_14px ðŸ“¦f-wght_600 ðŸ“¦ln-ht_20px ðŸ“¦ltr-spc_-0-05px ðŸ“¦fnt-fam_b77syt ðŸ“¦color_234361 ðŸ“¦box-szg_border-box\\">success</h4></div></div></div>"`;

exports[`should render with alert when alertInfo is passed 2`] = `"<div class=\\"css-131gus4 css-nil ðŸ“¦bs_dn7fs ðŸ“¦bg-clr_white ðŸ“¦ovflw-x_hidden ðŸ“¦ovflw-y_hidden ðŸ“¦pst_relative ðŸ“¦dspl_flex ðŸ“¦pb_12px ðŸ“¦pt_12px ðŸ“¦pl_16px ðŸ“¦pr_16px ðŸ“¦mt_2px ðŸ“¦mb_8px ðŸ“¦box-szg_border-box\\" role=\\"alert\\" id=\\"warningAlert\\"><div class=\\"css-nil ðŸ“¦mr_10px ðŸ“¦ml_2px ðŸ“¦h_20px ðŸ“¦dspl_flex ðŸ“¦algn-itms_center ðŸ“¦box-szg_border-box\\"><svg style=\\"fill: #d9822b;\\" data-icon=\\"warning-sign\\" viewBox=\\"0 0 16 16\\" class=\\"ðŸ“¦w_14px ðŸ“¦h_14px ðŸ“¦box-szg_border-box\\"><path d=\\"M15.84 13.5l.01-.01-7-12-.01.01c-.17-.3-.48-.5-.85-.5s-.67.2-.85.5l-.01-.01-7 12 .01.01c-.09.15-.15.31-.15.5 0 .55.45 1 1 1h14c.55 0 1-.45 1-1 0-.19-.06-.35-.15-.5zm-6.85-.51h-2v-2h2v2zm0-3h-2v-5h2v5z\\" fill-rule=\\"evenodd\\"></path></svg></div><div class=\\"css-nil ðŸ“¦dspl_flex ðŸ“¦w_100prcnt ðŸ“¦box-szg_border-box\\"><div class=\\"css-nil ðŸ“¦flx_1 ðŸ“¦box-szg_border-box\\"><h4 class=\\"ðŸ“¦mt_0px ðŸ“¦mb_0px ðŸ“¦fnt-sze_14px ðŸ“¦f-wght_600 ðŸ“¦ln-ht_20px ðŸ“¦ltr-spc_-0-05px ðŸ“¦fnt-fam_b77syt ðŸ“¦color_234361 ðŸ“¦box-szg_border-box\\">warning</h4></div></div></div>"`;

exports[`should render with alert when alertInfo is passed 3`] = `"<div class=\\"css-1xebggx css-nil ðŸ“¦bs_dn7fs ðŸ“¦bg-clr_white ðŸ“¦ovflw-x_hidden ðŸ“¦ovflw-y_hidden ðŸ“¦pst_relative ðŸ“¦dspl_flex ðŸ“¦pb_12px ðŸ“¦pt_12px ðŸ“¦pl_16px ðŸ“¦pr_16px ðŸ“¦mt_2px ðŸ“¦mb_8px ðŸ“¦box-szg_border-box\\" role=\\"alert\\" id=\\"dangerAlert\\"><div class=\\"css-nil ðŸ“¦mr_10px ðŸ“¦ml_2px ðŸ“¦h_20px ðŸ“¦dspl_flex ðŸ“¦algn-itms_center ðŸ“¦box-szg_border-box\\"><svg style=\\"fill: #ec4c47;\\" data-icon=\\"error\\" viewBox=\\"0 0 16 16\\" class=\\"ðŸ“¦w_14px ðŸ“¦h_14px ðŸ“¦box-szg_border-box\\"><path d=\\"M7.99-.01c-4.42 0-8 3.58-8 8s3.58 8 8 8 8-3.58 8-8-3.58-8-8-8zm1 13h-2v-2h2v2zm0-3h-2v-7h2v7z\\" fill-rule=\\"evenodd\\"></path></svg></div><div class=\\"css-nil ðŸ“¦dspl_flex ðŸ“¦w_100prcnt ðŸ“¦box-szg_border-box\\"><div class=\\"css-nil ðŸ“¦flx_1 ðŸ“¦box-szg_border-box\\"><h4 class=\\"ðŸ“¦mt_0px ðŸ“¦mb_0px ðŸ“¦fnt-sze_14px ðŸ“¦f-wght_600 ðŸ“¦ln-ht_20px ðŸ“¦ltr-spc_-0-05px ðŸ“¦fnt-fam_b77syt ðŸ“¦color_234361 ðŸ“¦box-szg_border-box\\">danger</h4></div></div></div>"`;
