// Jest Snapshot v1, https://goo.gl/fbAQLP

exports[`should close CreateModal on close button click 1`] = `"<div class=\\"homepageContainer\\"><div class=\\"topBar\\"><p>by James Miles &amp; Kevin Mcgonigle</p></div><div class=\\"logoContainer\\"><h1>comet.</h1><h2>code metrics - made simple</h2><div class=\\"logo\\"><img src=\\"comet.png\\" width=\\"200px\\" height=\\"200px\\"><div><button class=\\"css-69cngj createButton ðŸ“¦fnt-fam_b77syt ðŸ“¦mt_0px ðŸ“¦fnt-sze_16px ðŸ“¦f-wght_500 ðŸ“¦ln-ht_48px ðŸ“¦ltr-spc_-0-05px ðŸ“¦btrr_4px ðŸ“¦bbrr_4px ðŸ“¦btlr_4px ðŸ“¦bblr_4px ðŸ“¦pt_0px ðŸ“¦pb_0px ðŸ“¦pr_24px ðŸ“¦pl_24px ðŸ“¦ml_0px ðŸ“¦mr_12px ðŸ“¦mb_0px ðŸ“¦h_48px ðŸ“¦pst_relative ðŸ“¦dspl_inline-flex ðŸ“¦algn-itms_center ðŸ“¦flx-wrap_nowrap ðŸ“¦box-szg_border-box\\" id=\\"createButton\\">Create</button><button class=\\"css-69cngj uploadButton ðŸ“¦fnt-fam_b77syt ðŸ“¦mt_0px ðŸ“¦fnt-sze_16px ðŸ“¦f-wght_500 ðŸ“¦ln-ht_48px ðŸ“¦ltr-spc_-0-05px ðŸ“¦btrr_4px ðŸ“¦bbrr_4px ðŸ“¦btlr_4px ðŸ“¦bblr_4px ðŸ“¦pt_0px ðŸ“¦pb_0px ðŸ“¦pr_24px ðŸ“¦pl_24px ðŸ“¦ml_0px ðŸ“¦mr_12px ðŸ“¦mb_0px ðŸ“¦h_48px ðŸ“¦pst_relative ðŸ“¦dspl_inline-flex ðŸ“¦algn-itms_center ðŸ“¦flx-wrap_nowrap ðŸ“¦box-szg_border-box\\" id=\\"uploadButton\\">Upload</button></div></div></div></div>"`;

exports[`should open CreateModal on createButton click 1`] = `"<div class=\\"homepageContainer\\"><div class=\\"topBar\\"><p>by James Miles &amp; Kevin Mcgonigle</p></div><div class=\\"logoContainer\\"><h1>comet.</h1><h2>code metrics - made simple</h2><div class=\\"logo\\"><img src=\\"comet.png\\" width=\\"200px\\" height=\\"200px\\"><div><button class=\\"css-69cngj createButton ðŸ“¦fnt-fam_b77syt ðŸ“¦mt_0px ðŸ“¦fnt-sze_16px ðŸ“¦f-wght_500 ðŸ“¦ln-ht_48px ðŸ“¦ltr-spc_-0-05px ðŸ“¦btrr_4px ðŸ“¦bbrr_4px ðŸ“¦btlr_4px ðŸ“¦bblr_4px ðŸ“¦pt_0px ðŸ“¦pb_0px ðŸ“¦pr_24px ðŸ“¦pl_24px ðŸ“¦ml_0px ðŸ“¦mr_12px ðŸ“¦mb_0px ðŸ“¦h_48px ðŸ“¦pst_relative ðŸ“¦dspl_inline-flex ðŸ“¦algn-itms_center ðŸ“¦flx-wrap_nowrap ðŸ“¦box-szg_border-box\\" id=\\"createButton\\">Create</button><button class=\\"css-69cngj uploadButton ðŸ“¦fnt-fam_b77syt ðŸ“¦mt_0px ðŸ“¦fnt-sze_16px ðŸ“¦f-wght_500 ðŸ“¦ln-ht_48px ðŸ“¦ltr-spc_-0-05px ðŸ“¦btrr_4px ðŸ“¦bbrr_4px ðŸ“¦btlr_4px ðŸ“¦bblr_4px ðŸ“¦pt_0px ðŸ“¦pb_0px ðŸ“¦pr_24px ðŸ“¦pl_24px ðŸ“¦ml_0px ðŸ“¦mr_12px ðŸ“¦mb_0px ðŸ“¦h_48px ðŸ“¦pst_relative ðŸ“¦dspl_inline-flex ðŸ“¦algn-itms_center ðŸ“¦flx-wrap_nowrap ðŸ“¦box-szg_border-box\\" id=\\"uploadButton\\">Upload</button></div></div></div></div>"`;

exports[`should open Upload Modal on Upload Modal click 1`] = `"<div class=\\"homepageContainer\\"><div class=\\"topBar\\"><p>by James Miles &amp; Kevin Mcgonigle</p></div><div class=\\"logoContainer\\"><h1>comet.</h1><h2>code metrics - made simple</h2><div class=\\"logo\\"><img src=\\"comet.png\\" width=\\"200px\\" height=\\"200px\\"><div><button class=\\"css-69cngj createButton ðŸ“¦fnt-fam_b77syt ðŸ“¦mt_0px ðŸ“¦fnt-sze_16px ðŸ“¦f-wght_500 ðŸ“¦ln-ht_48px ðŸ“¦ltr-spc_-0-05px ðŸ“¦btrr_4px ðŸ“¦bbrr_4px ðŸ“¦btlr_4px ðŸ“¦bblr_4px ðŸ“¦pt_0px ðŸ“¦pb_0px ðŸ“¦pr_24px ðŸ“¦pl_24px ðŸ“¦ml_0px ðŸ“¦mr_12px ðŸ“¦mb_0px ðŸ“¦h_48px ðŸ“¦pst_relative ðŸ“¦dspl_inline-flex ðŸ“¦algn-itms_center ðŸ“¦flx-wrap_nowrap ðŸ“¦box-szg_border-box\\" id=\\"createButton\\">Create</button><button class=\\"css-69cngj uploadButton ðŸ“¦fnt-fam_b77syt ðŸ“¦mt_0px ðŸ“¦fnt-sze_16px ðŸ“¦f-wght_500 ðŸ“¦ln-ht_48px ðŸ“¦ltr-spc_-0-05px ðŸ“¦btrr_4px ðŸ“¦bbrr_4px ðŸ“¦btlr_4px ðŸ“¦bblr_4px ðŸ“¦pt_0px ðŸ“¦pb_0px ðŸ“¦pr_24px ðŸ“¦pl_24px ðŸ“¦ml_0px ðŸ“¦mr_12px ðŸ“¦mb_0px ðŸ“¦h_48px ðŸ“¦pst_relative ðŸ“¦dspl_inline-flex ðŸ“¦algn-itms_center ðŸ“¦flx-wrap_nowrap ðŸ“¦box-szg_border-box\\" id=\\"uploadButton\\">Upload</button></div></div></div></div>"`;

exports[`should open Upload Modal on Upload Modal click 2`] = `"<div class=\\"homepageContainer\\"><div class=\\"topBar\\"><p>by James Miles &amp; Kevin Mcgonigle</p></div><div class=\\"logoContainer\\"><h1>comet.</h1><h2>code metrics - made simple</h2><div class=\\"logo\\"><img src=\\"comet.png\\" width=\\"200px\\" height=\\"200px\\"><div><button class=\\"css-69cngj createButton ðŸ“¦fnt-fam_b77syt ðŸ“¦mt_0px ðŸ“¦fnt-sze_16px ðŸ“¦f-wght_500 ðŸ“¦ln-ht_48px ðŸ“¦ltr-spc_-0-05px ðŸ“¦btrr_4px ðŸ“¦bbrr_4px ðŸ“¦btlr_4px ðŸ“¦bblr_4px ðŸ“¦pt_0px ðŸ“¦pb_0px ðŸ“¦pr_24px ðŸ“¦pl_24px ðŸ“¦ml_0px ðŸ“¦mr_12px ðŸ“¦mb_0px ðŸ“¦h_48px ðŸ“¦pst_relative ðŸ“¦dspl_inline-flex ðŸ“¦algn-itms_center ðŸ“¦flx-wrap_nowrap ðŸ“¦box-szg_border-box\\" id=\\"createButton\\">Create</button><button class=\\"css-69cngj uploadButton ðŸ“¦fnt-fam_b77syt ðŸ“¦mt_0px ðŸ“¦fnt-sze_16px ðŸ“¦f-wght_500 ðŸ“¦ln-ht_48px ðŸ“¦ltr-spc_-0-05px ðŸ“¦btrr_4px ðŸ“¦bbrr_4px ðŸ“¦btlr_4px ðŸ“¦bblr_4px ðŸ“¦pt_0px ðŸ“¦pb_0px ðŸ“¦pr_24px ðŸ“¦pl_24px ðŸ“¦ml_0px ðŸ“¦mr_12px ðŸ“¦mb_0px ðŸ“¦h_48px ðŸ“¦pst_relative ðŸ“¦dspl_inline-flex ðŸ“¦algn-itms_center ðŸ“¦flx-wrap_nowrap ðŸ“¦box-szg_border-box\\" id=\\"uploadButton\\">Upload</button></div></div></div></div>"`;

exports[`should render Homepage succesfully 1`] = `"<div class=\\"homepageContainer\\"><div class=\\"topBar\\"><p>by James Miles &amp; Kevin Mcgonigle</p></div><div class=\\"logoContainer\\"><h1>comet.</h1><h2>code metrics - made simple</h2><div class=\\"logo\\"><img src=\\"comet.png\\" width=\\"200px\\" height=\\"200px\\"/><div><button class=\\"css-69cngj createButton ðŸ“¦fnt-fam_b77syt ðŸ“¦mt_0px ðŸ“¦fnt-sze_16px ðŸ“¦f-wght_500 ðŸ“¦ln-ht_48px ðŸ“¦ltr-spc_-0-05px ðŸ“¦btrr_4px ðŸ“¦bbrr_4px ðŸ“¦btlr_4px ðŸ“¦bblr_4px ðŸ“¦pt_0px ðŸ“¦pb_0px ðŸ“¦pr_24px ðŸ“¦pl_24px ðŸ“¦ml_0px ðŸ“¦mr_12px ðŸ“¦mb_0px ðŸ“¦h_48px ðŸ“¦pst_relative ðŸ“¦dspl_inline-flex ðŸ“¦algn-itms_center ðŸ“¦flx-wrap_nowrap ðŸ“¦box-szg_border-box\\" id=\\"createButton\\">Create</button><button class=\\"css-69cngj uploadButton ðŸ“¦fnt-fam_b77syt ðŸ“¦mt_0px ðŸ“¦fnt-sze_16px ðŸ“¦f-wght_500 ðŸ“¦ln-ht_48px ðŸ“¦ltr-spc_-0-05px ðŸ“¦btrr_4px ðŸ“¦bbrr_4px ðŸ“¦btlr_4px ðŸ“¦bblr_4px ðŸ“¦pt_0px ðŸ“¦pb_0px ðŸ“¦pr_24px ðŸ“¦pl_24px ðŸ“¦ml_0px ðŸ“¦mr_12px ðŸ“¦mb_0px ðŸ“¦h_48px ðŸ“¦pst_relative ðŸ“¦dspl_inline-flex ðŸ“¦algn-itms_center ðŸ“¦flx-wrap_nowrap ðŸ“¦box-szg_border-box\\" id=\\"uploadButton\\">Upload</button></div></div></div></div>"`;
