// Jest Snapshot v1, https://goo.gl/fbAQLP

exports[`should render ForceDirectedGraph as expected 1`] = `"<div class=\\"css-nil ðŸ“¦bs_kymczs ðŸ“¦bg_1eozcqw ðŸ“¦dspl_flex ðŸ“¦flx-wrap_wrap ðŸ“¦flx-grow_1 ðŸ“¦mr_10 ðŸ“¦box-szg_border-box\\"><div class=\\"treeGraphContainer\\"><svg transform=\\"rotate(90)\\" height=\\"900\\" width=\\"800\\"><path class=\\"link\\" d=\\"M10,440C167.5,440 167.5,440 325,440\\"></path><path class=\\"link\\" d=\\"M325,440C482.5,440 482.5,220 640,220\\"></path><path class=\\"link\\" d=\\"M325,440C482.5,440 482.5,660 640,660\\"></path><g class=\\"node\\" transform=\\"translate(10, 440)\\"><circle r=\\"5\\"></circle><text dx=\\"5.5\\" dy=\\"3.5\\">Statements</text></g><g class=\\"node\\" transform=\\"translate(325, 440)\\"><circle r=\\"5\\"></circle><text dx=\\"5.5\\" dy=\\"3.5\\">if statement</text></g><g class=\\"node\\" transform=\\"translate(640, 220)\\"><circle r=\\"5\\"></circle><text dx=\\"5.5\\" dy=\\"3.5\\">true</text></g><g class=\\"node\\" transform=\\"translate(640, 660)\\"><circle r=\\"5\\"></circle><text dx=\\"5.5\\" dy=\\"3.5\\">Pass statement</text></g></svg></div></div>"`;
