// Jest Snapshot v1, https://goo.gl/fbAQLP

exports[`should render ForceDirectedGraph as expected 1`] = `"<div class=\\"css-nil ðŸ“¦bs_kymczs ðŸ“¦bg_1eozcqw ðŸ“¦dspl_flex ðŸ“¦flx-wrap_wrap ðŸ“¦flx-grow_1 ðŸ“¦mr_10 ðŸ“¦box-szg_border-box\\"><div class=\\"title\\">Dependency Graph<hr/></div><div id=\\"graph-id-graph-wrapper\\"><svg name=\\"svg-container-graph-id\\" style=\\"height:-200px;width:-350px\\"><defs><marker class=\\"marker\\" id=\\"marker-small\\" viewBox=\\"0 -5 10 10\\" refX=\\"16\\" refY=\\"0\\" markerWidth=\\"6\\" markerHeight=\\"6\\" orient=\\"auto\\" fill=\\"#2c3e50\\"><path d=\\"M0,-5L10,0L0,5\\"></path></marker><marker class=\\"marker\\" id=\\"marker-small-highlighted\\" viewBox=\\"0 -5 10 10\\" refX=\\"16\\" refY=\\"0\\" markerWidth=\\"6\\" markerHeight=\\"6\\" orient=\\"auto\\" fill=\\"true\\"><path d=\\"M0,-5L10,0L0,5\\"></path></marker><marker class=\\"marker\\" id=\\"marker-medium\\" viewBox=\\"0 -5 10 10\\" refX=\\"21.333333333333332\\" refY=\\"0\\" markerWidth=\\"6\\" markerHeight=\\"6\\" orient=\\"auto\\" fill=\\"#2c3e50\\"><path d=\\"M0,-5L10,0L0,5\\"></path></marker><marker class=\\"marker\\" id=\\"marker-medium-highlighted\\" viewBox=\\"0 -5 10 10\\" refX=\\"21.333333333333332\\" refY=\\"0\\" markerWidth=\\"6\\" markerHeight=\\"6\\" orient=\\"auto\\" fill=\\"true\\"><path d=\\"M0,-5L10,0L0,5\\"></path></marker><marker class=\\"marker\\" id=\\"marker-large\\" viewBox=\\"0 -5 10 10\\" refX=\\"26.666666666666664\\" refY=\\"0\\" markerWidth=\\"6\\" markerHeight=\\"6\\" orient=\\"auto\\" fill=\\"#2c3e50\\"><path d=\\"M0,-5L10,0L0,5\\"></path></marker><marker class=\\"marker\\" id=\\"marker-large-highlighted\\" viewBox=\\"0 -5 10 10\\" refX=\\"26.666666666666664\\" refY=\\"0\\" markerWidth=\\"6\\" markerHeight=\\"6\\" orient=\\"auto\\" fill=\\"true\\"><path d=\\"M0,-5L10,0L0,5\\"></path></marker></defs><g id=\\"graph-id-graph-container-zoomable\\" style=\\"transition-duration:0s\\"><g><path class=\\"link\\" d=\\"M0,0A0,0 0 0,1 0,0\\" style=\\"stroke-width:1.5;stroke:#2c3e50;opacity:1;fill:none;cursor:pointer\\" marker-end=\\"url(#marker-small)\\" id=\\"preact.js,render.js\\"></path></g><g><path class=\\"link\\" d=\\"M0,0A0,0 0 0,1 0,0\\" style=\\"stroke-width:1.5;stroke:#2c3e50;opacity:1;fill:none;cursor:pointer\\" marker-end=\\"url(#marker-small)\\" id=\\"preact.js,component.js\\"></path></g><g><path class=\\"link\\" d=\\"M0,0A0,0 0 0,1 0,0\\" style=\\"stroke-width:1.5;stroke:#2c3e50;opacity:1;fill:none;cursor:pointer\\" marker-end=\\"url(#marker-small)\\" id=\\"preact.js,clone-element.js\\"></path></g><g><path class=\\"link\\" d=\\"M0,0A0,0 0 0,1 0,0\\" style=\\"stroke-width:1.5;stroke:#2c3e50;opacity:1;fill:none;cursor:pointer\\" marker-end=\\"url(#marker-small)\\" id=\\"preact.js,h.js\\"></path></g><g><path class=\\"link\\" d=\\"M0,0A0,0 0 0,1 0,0\\" style=\\"stroke-width:1.5;stroke:#2c3e50;opacity:1;fill:none;cursor:pointer\\" marker-end=\\"url(#marker-small)\\" id=\\"preact.js,render-queue.js\\"></path></g><g><path class=\\"link\\" d=\\"M0,0A0,0 0 0,1 0,0\\" style=\\"stroke-width:1.5;stroke:#2c3e50;opacity:1;fill:none;cursor:pointer\\" marker-end=\\"url(#marker-small)\\" id=\\"component.js,util.js\\"></path></g><g><path class=\\"link\\" d=\\"M0,0A0,0 0 0,1 0,0\\" style=\\"stroke-width:1.5;stroke:#2c3e50;opacity:1;fill:none;cursor:pointer\\" marker-end=\\"url(#marker-small)\\" id=\\"component.js,options.js\\"></path></g><g><path class=\\"link\\" d=\\"M0,0A0,0 0 0,1 0,0\\" style=\\"stroke-width:1.5;stroke:#2c3e50;opacity:1;fill:none;cursor:pointer\\" marker-end=\\"url(#marker-small)\\" id=\\"component.js,constants.js\\"></path></g><g><path class=\\"link\\" d=\\"M0,0A0,0 0 0,1 0,0\\" style=\\"stroke-width:1.5;stroke:#2c3e50;opacity:1;fill:none;cursor:pointer\\" marker-end=\\"url(#marker-small)\\" id=\\"render.js,diff.js\\"></path></g><g><path class=\\"link\\" d=\\"M0,0A0,0 0 0,1 0,0\\" style=\\"stroke-width:1.5;stroke:#2c3e50;opacity:1;fill:none;cursor:pointer\\" marker-end=\\"url(#marker-small)\\" id=\\"h.js,options.js\\"></path></g><g><path class=\\"link\\" d=\\"M0,0A0,0 0 0,1 0,0\\" style=\\"stroke-width:1.5;stroke:#2c3e50;opacity:1;fill:none;cursor:pointer\\" marker-end=\\"url(#marker-small)\\" id=\\"h.js,vnode.js\\"></path></g><g><path class=\\"link\\" d=\\"M0,0A0,0 0 0,1 0,0\\" style=\\"stroke-width:1.5;stroke:#2c3e50;opacity:1;fill:none;cursor:pointer\\" marker-end=\\"url(#marker-small)\\" id=\\"diff.js,index.js\\"></path></g><g><path class=\\"link\\" d=\\"M0,0A0,0 0 0,1 0,0\\" style=\\"stroke-width:1.5;stroke:#2c3e50;opacity:1;fill:none;cursor:pointer\\" marker-end=\\"url(#marker-small)\\" id=\\"index.js,options.js\\"></path></g><g class=\\"node\\" cx=\\"0\\" cy=\\"0\\" id=\\"preact.js\\" transform=\\"translate(0,0)\\"><path cursor=\\"pointer\\" opacity=\\"1\\" d=\\"M7.978845608028654,0A7.978845608028654,7.978845608028654,0,1,1,-7.978845608028654,0A7.978845608028654,7.978845608028654,0,1,1,7.978845608028654,0\\" fill=\\"#3498db\\" stroke=\\"#3498db\\" stroke-width=\\"1.5\\"></path><text dx=\\"11.5\\" dy=\\".35em\\" fill=\\"black\\" font-size=\\"8\\" font-weight=\\"normal\\" opacity=\\"1\\">preact.js</text></g><g class=\\"node\\" cx=\\"0\\" cy=\\"0\\" id=\\"render.js\\" transform=\\"translate(0,0)\\"><path cursor=\\"pointer\\" opacity=\\"1\\" d=\\"M7.978845608028654,0A7.978845608028654,7.978845608028654,0,1,1,-7.978845608028654,0A7.978845608028654,7.978845608028654,0,1,1,7.978845608028654,0\\" fill=\\"#3498db\\" stroke=\\"#3498db\\" stroke-width=\\"1.5\\"></path><text dx=\\"11.5\\" dy=\\".35em\\" fill=\\"black\\" font-size=\\"8\\" font-weight=\\"normal\\" opacity=\\"1\\">render.js</text></g><g class=\\"node\\" cx=\\"0\\" cy=\\"0\\" id=\\"render-queue.js\\" transform=\\"translate(0,0)\\"><path cursor=\\"pointer\\" opacity=\\"1\\" d=\\"M7.978845608028654,0A7.978845608028654,7.978845608028654,0,1,1,-7.978845608028654,0A7.978845608028654,7.978845608028654,0,1,1,7.978845608028654,0\\" fill=\\"#3498db\\" stroke=\\"#3498db\\" stroke-width=\\"1.5\\"></path><text dx=\\"11.5\\" dy=\\".35em\\" fill=\\"black\\" font-size=\\"8\\" font-weight=\\"normal\\" opacity=\\"1\\">render-queue.js</text></g><g class=\\"node\\" cx=\\"0\\" cy=\\"0\\" id=\\"clone-element.js\\" transform=\\"translate(0,0)\\"><path cursor=\\"pointer\\" opacity=\\"1\\" d=\\"M7.978845608028654,0A7.978845608028654,7.978845608028654,0,1,1,-7.978845608028654,0A7.978845608028654,7.978845608028654,0,1,1,7.978845608028654,0\\" fill=\\"#3498db\\" stroke=\\"#3498db\\" stroke-width=\\"1.5\\"></path><text dx=\\"11.5\\" dy=\\".35em\\" fill=\\"black\\" font-size=\\"8\\" font-weight=\\"normal\\" opacity=\\"1\\">clone-element.js</text></g><g class=\\"node\\" cx=\\"0\\" cy=\\"0\\" id=\\"h.js\\" transform=\\"translate(0,0)\\"><path cursor=\\"pointer\\" opacity=\\"1\\" d=\\"M7.978845608028654,0A7.978845608028654,7.978845608028654,0,1,1,-7.978845608028654,0A7.978845608028654,7.978845608028654,0,1,1,7.978845608028654,0\\" fill=\\"#3498db\\" stroke=\\"#3498db\\" stroke-width=\\"1.5\\"></path><text dx=\\"11.5\\" dy=\\".35em\\" fill=\\"black\\" font-size=\\"8\\" font-weight=\\"normal\\" opacity=\\"1\\">h.js</text></g><g class=\\"node\\" cx=\\"0\\" cy=\\"0\\" id=\\"vnode.js\\" transform=\\"translate(0,0)\\"><path cursor=\\"pointer\\" opacity=\\"1\\" d=\\"M7.978845608028654,0A7.978845608028654,7.978845608028654,0,1,1,-7.978845608028654,0A7.978845608028654,7.978845608028654,0,1,1,7.978845608028654,0\\" fill=\\"#3498db\\" stroke=\\"#3498db\\" stroke-width=\\"1.5\\"></path><text dx=\\"11.5\\" dy=\\".35em\\" fill=\\"black\\" font-size=\\"8\\" font-weight=\\"normal\\" opacity=\\"1\\">vnode.js</text></g><g class=\\"node\\" cx=\\"0\\" cy=\\"0\\" id=\\"options.js\\" transform=\\"translate(0,0)\\"><path cursor=\\"pointer\\" opacity=\\"1\\" d=\\"M7.978845608028654,0A7.978845608028654,7.978845608028654,0,1,1,-7.978845608028654,0A7.978845608028654,7.978845608028654,0,1,1,7.978845608028654,0\\" fill=\\"#3498db\\" stroke=\\"#3498db\\" stroke-width=\\"1.5\\"></path><text dx=\\"11.5\\" dy=\\".35em\\" fill=\\"black\\" font-size=\\"8\\" font-weight=\\"normal\\" opacity=\\"1\\">options.js</text></g><g class=\\"node\\" cx=\\"0\\" cy=\\"0\\" id=\\"util.js\\" transform=\\"translate(0,0)\\"><path cursor=\\"pointer\\" opacity=\\"1\\" d=\\"M7.978845608028654,0A7.978845608028654,7.978845608028654,0,1,1,-7.978845608028654,0A7.978845608028654,7.978845608028654,0,1,1,7.978845608028654,0\\" fill=\\"#3498db\\" stroke=\\"#3498db\\" stroke-width=\\"1.5\\"></path><text dx=\\"11.5\\" dy=\\".35em\\" fill=\\"black\\" font-size=\\"8\\" font-weight=\\"normal\\" opacity=\\"1\\">util.js</text></g><g class=\\"node\\" cx=\\"0\\" cy=\\"0\\" id=\\"diff.js\\" transform=\\"translate(0,0)\\"><path cursor=\\"pointer\\" opacity=\\"1\\" d=\\"M7.978845608028654,0A7.978845608028654,7.978845608028654,0,1,1,-7.978845608028654,0A7.978845608028654,7.978845608028654,0,1,1,7.978845608028654,0\\" fill=\\"#3498db\\" stroke=\\"#3498db\\" stroke-width=\\"1.5\\"></path><text dx=\\"11.5\\" dy=\\".35em\\" fill=\\"black\\" font-size=\\"8\\" font-weight=\\"normal\\" opacity=\\"1\\">diff.js</text></g><g class=\\"node\\" cx=\\"0\\" cy=\\"0\\" id=\\"component.js\\" transform=\\"translate(0,0)\\"><path cursor=\\"pointer\\" opacity=\\"1\\" d=\\"M7.978845608028654,0A7.978845608028654,7.978845608028654,0,1,1,-7.978845608028654,0A7.978845608028654,7.978845608028654,0,1,1,7.978845608028654,0\\" fill=\\"#3498db\\" stroke=\\"#3498db\\" stroke-width=\\"1.5\\"></path><text dx=\\"11.5\\" dy=\\".35em\\" fill=\\"black\\" font-size=\\"8\\" font-weight=\\"normal\\" opacity=\\"1\\">component.js</text></g><g class=\\"node\\" cx=\\"0\\" cy=\\"0\\" id=\\"index.js\\" transform=\\"translate(0,0)\\"><path cursor=\\"pointer\\" opacity=\\"1\\" d=\\"M7.978845608028654,0A7.978845608028654,7.978845608028654,0,1,1,-7.978845608028654,0A7.978845608028654,7.978845608028654,0,1,1,7.978845608028654,0\\" fill=\\"#3498db\\" stroke=\\"#3498db\\" stroke-width=\\"1.5\\"></path><text dx=\\"11.5\\" dy=\\".35em\\" fill=\\"black\\" font-size=\\"8\\" font-weight=\\"normal\\" opacity=\\"1\\">index.js</text></g><g class=\\"node\\" cx=\\"0\\" cy=\\"0\\" id=\\"constants.js\\" transform=\\"translate(0,0)\\"><path cursor=\\"pointer\\" opacity=\\"1\\" d=\\"M7.978845608028654,0A7.978845608028654,7.978845608028654,0,1,1,-7.978845608028654,0A7.978845608028654,7.978845608028654,0,1,1,7.978845608028654,0\\" fill=\\"#3498db\\" stroke=\\"#3498db\\" stroke-width=\\"1.5\\"></path><text dx=\\"11.5\\" dy=\\".35em\\" fill=\\"black\\" font-size=\\"8\\" font-weight=\\"normal\\" opacity=\\"1\\">constants.js</text></g></g></svg></div></div>"`;
