// Jest Snapshot v1, https://goo.gl/fbAQLP

exports[`Should render TreeGraph successfully 1`] = `"<div class=\\"treeGraphContainer\\"><svg transform=\\"rotate(90)\\" height=\\"900\\" width=\\"800\\"><path class=\\"link\\" d=\\"M10,513.3333333333333C115,513.3333333333333 115,440 220,440\\"></path><path class=\\"link\\" d=\\"M10,513.3333333333333C115,513.3333333333333 115,586.6666666666666 220,586.6666666666666\\"></path><path class=\\"class-link\\" d=\\"M220,440C325,440 325,220 430,220\\"></path><path class=\\"class-link\\" d=\\"M220,440C325,440 325,660 430,660\\"></path><path class=\\"variable-link\\" d=\\"M430,220C535,220 535,146.66666666666666 640,146.66666666666666\\"></path><path class=\\"variable-link\\" d=\\"M430,220C535,220 535,293.3333333333333 640,293.3333333333333\\"></path><path class=\\"link\\" d=\\"M430,660C535,660 535,586.6666666666666 640,586.6666666666666\\"></path><path class=\\"link\\" d=\\"M430,660C535,660 535,733.3333333333333 640,733.3333333333333\\"></path><g class=\\"node\\" transform=\\"translate(10, 513.3333333333333)\\"><circle r=\\"5\\"></circle><text dx=\\"5.5\\" dy=\\"3.5\\">/src</text></g><g class=\\"class\\" id=\\"TreeGraph.js\\" transform=\\"translate(220, 440)\\"><circle r=\\"5\\"></circle><text dx=\\"5.5\\" dy=\\"3.5\\">TreeGraph.js</text></g><g class=\\"variable\\" transform=\\"translate(220, 586.6666666666666)\\"><circle r=\\"5\\"></circle><text dx=\\"5.5\\" dy=\\"3.5\\">TreeGraph.css</text></g><g class=\\"variable\\" id=\\"arguments\\" transform=\\"translate(430, 220)\\"><circle r=\\"5\\"></circle><text dx=\\"5.5\\" dy=\\"3.5\\">arguments</text></g><g class=\\"node\\" transform=\\"translate(430, 660)\\"><circle r=\\"5\\"></circle><text dx=\\"5.5\\" dy=\\"3.5\\">functions</text></g><g class=\\"variable\\" id=\\"Int arg1\\" transform=\\"translate(640, 146.66666666666666)\\"><circle r=\\"5\\"></circle><text dx=\\"5.5\\" dy=\\"3.5\\">Int arg1</text></g><g class=\\"variable\\" id=\\"Int arg2\\" transform=\\"translate(640, 293.3333333333333)\\"><circle r=\\"5\\"></circle><text dx=\\"5.5\\" dy=\\"3.5\\">Int arg2</text></g><g class=\\"node\\" transform=\\"translate(640, 586.6666666666666)\\"><circle r=\\"5\\"></circle><text dx=\\"5.5\\" dy=\\"3.5\\">square -&gt; Int arg1, Int arg2</text></g><g class=\\"node\\" transform=\\"translate(640, 733.3333333333333)\\"><circle r=\\"5\\"></circle><text dx=\\"5.5\\" dy=\\"3.5\\">sum -&gt; Int arg1, Int arg2</text></g></svg></div>"`;
