// Jest Snapshot v1, https://goo.gl/fbAQLP

exports[`Should render Metrics succesfully 1`] = `
"<div class=\\"metricContainer\\"><div class=\\"tabMenu\\"><div class=\\"css-nil ðŸ“¦mt_12px ðŸ“¦mb_12px ðŸ“¦ml_300px ðŸ“¦box-szg_border-box\\"><div role=\\"tablist\\" class=\\"ðŸ“¦box-szg_border-box\\"><span class=\\"css-11bc0q4 ðŸ“¦color_white ðŸ“¦fnt-fam_b77syt ðŸ“¦fnt-sze_12px ðŸ“¦f-wght_500 ðŸ“¦ln-ht_28px ðŸ“¦ltr-spc_0 ðŸ“¦h_28px ðŸ“¦dspl_inline-flex ðŸ“¦pl_8px ðŸ“¦pr_8px ðŸ“¦ml_4px ðŸ“¦mr_4px ðŸ“¦bblr_3px ðŸ“¦bbrr_3px ðŸ“¦btlr_3px ðŸ“¦btrr_3px ðŸ“¦algn-itms_center ðŸ“¦just-cnt_center ðŸ“¦txt-deco_none ðŸ“¦box-szg_border-box\\" tabindex=\\"0\\" id=\\"TreeMap\\" aria-controls=\\"panel-TreeMap\\" aria-selected=\\"true\\" role=\\"tab\\">TreeMap</span><span class=\\"css-11bc0q4 ðŸ“¦color_white ðŸ“¦fnt-fam_b77syt ðŸ“¦fnt-sze_12px ðŸ“¦f-wght_500 ðŸ“¦ln-ht_28px ðŸ“¦ltr-spc_0 ðŸ“¦h_28px ðŸ“¦dspl_inline-flex ðŸ“¦pl_8px ðŸ“¦pr_8px ðŸ“¦ml_4px ðŸ“¦mr_4px ðŸ“¦bblr_3px ðŸ“¦bbrr_3px ðŸ“¦btlr_3px ðŸ“¦btrr_3px ðŸ“¦algn-itms_center ðŸ“¦just-cnt_center ðŸ“¦txt-deco_none ðŸ“¦box-szg_border-box\\" tabindex=\\"0\\" id=\\"Class Diagram\\" aria-controls=\\"panel-Class Diagram\\" aria-selected=\\"false\\" role=\\"tab\\">Class Diagram</span><span class=\\"css-11bc0q4 ðŸ“¦color_white ðŸ“¦fnt-fam_b77syt ðŸ“¦fnt-sze_12px ðŸ“¦f-wght_500 ðŸ“¦ln-ht_28px ðŸ“¦ltr-spc_0 ðŸ“¦h_28px ðŸ“¦dspl_inline-flex ðŸ“¦pl_8px ðŸ“¦pr_8px ðŸ“¦ml_4px ðŸ“¦mr_4px ðŸ“¦bblr_3px ðŸ“¦bbrr_3px ðŸ“¦btlr_3px ðŸ“¦btrr_3px ðŸ“¦algn-itms_center ðŸ“¦just-cnt_center ðŸ“¦txt-deco_none ðŸ“¦box-szg_border-box\\" tabindex=\\"0\\" id=\\"Inheritance Tree\\" aria-controls=\\"panel-Inheritance Tree\\" aria-selected=\\"false\\" role=\\"tab\\">Inheritance Tree</span><span class=\\"css-11bc0q4 ðŸ“¦color_white ðŸ“¦fnt-fam_b77syt ðŸ“¦fnt-sze_12px ðŸ“¦f-wght_500 ðŸ“¦ln-ht_28px ðŸ“¦ltr-spc_0 ðŸ“¦h_28px ðŸ“¦dspl_inline-flex ðŸ“¦pl_8px ðŸ“¦pr_8px ðŸ“¦ml_4px ðŸ“¦mr_4px ðŸ“¦bblr_3px ðŸ“¦bbrr_3px ðŸ“¦btlr_3px ðŸ“¦btrr_3px ðŸ“¦algn-itms_center ðŸ“¦just-cnt_center ðŸ“¦txt-deco_none ðŸ“¦box-szg_border-box\\" tabindex=\\"0\\" id=\\"Abstract Syntax Tree\\" aria-controls=\\"panel-Abstract Syntax Tree\\" aria-selected=\\"false\\" role=\\"tab\\">Abstract Syntax Tree</span><span class=\\"css-11bc0q4 ðŸ“¦color_white ðŸ“¦fnt-fam_b77syt ðŸ“¦fnt-sze_12px ðŸ“¦f-wght_500 ðŸ“¦ln-ht_28px ðŸ“¦ltr-spc_0 ðŸ“¦h_28px ðŸ“¦dspl_inline-flex ðŸ“¦pl_8px ðŸ“¦pr_8px ðŸ“¦ml_4px ðŸ“¦mr_4px ðŸ“¦bblr_3px ðŸ“¦bbrr_3px ðŸ“¦btlr_3px ðŸ“¦btrr_3px ðŸ“¦algn-itms_center ðŸ“¦just-cnt_center ðŸ“¦txt-deco_none ðŸ“¦box-szg_border-box\\" tabindex=\\"0\\" id=\\"Control Flow Diagram\\" aria-controls=\\"panel-Control Flow Diagram\\" aria-selected=\\"false\\" role=\\"tab\\">Control Flow Diagram</span><span class=\\"css-11bc0q4 ðŸ“¦color_white ðŸ“¦fnt-fam_b77syt ðŸ“¦fnt-sze_12px ðŸ“¦f-wght_500 ðŸ“¦ln-ht_28px ðŸ“¦ltr-spc_0 ðŸ“¦h_28px ðŸ“¦dspl_inline-flex ðŸ“¦pl_8px ðŸ“¦pr_8px ðŸ“¦ml_4px ðŸ“¦mr_4px ðŸ“¦bblr_3px ðŸ“¦bbrr_3px ðŸ“¦btlr_3px ðŸ“¦btrr_3px ðŸ“¦algn-itms_center ðŸ“¦just-cnt_center ðŸ“¦txt-deco_none ðŸ“¦box-szg_border-box\\" tabindex=\\"0\\" id=\\"Dependency Graph\\" aria-controls=\\"panel-Dependency Graph\\" aria-selected=\\"false\\" role=\\"tab\\">Dependency Graph</span></div></div><div class=\\"menu\\"><button class=\\"css-69cngj ðŸ“¦fnt-fam_b77syt ðŸ“¦mt_0px ðŸ“¦fnt-sze_12px ðŸ“¦f-wght_500 ðŸ“¦ln-ht_32px ðŸ“¦ltr-spc_0 ðŸ“¦btrr_3px ðŸ“¦bbrr_3px ðŸ“¦btlr_3px ðŸ“¦bblr_3px ðŸ“¦pt_0px ðŸ“¦pb_0px ðŸ“¦pr_16px ðŸ“¦pl_16px ðŸ“¦ml_0px ðŸ“¦mr_16px ðŸ“¦mb_0px ðŸ“¦h_32px ðŸ“¦pst_relative ðŸ“¦dspl_inline-flex ðŸ“¦algn-itms_center ðŸ“¦flx-wrap_nowrap ðŸ“¦box-szg_border-box\\" role=\\"button\\" aria-haspopup=\\"true\\">Menu</button></div></div><div class=\\"metricTabContainer\\"><div class=\\"css-nil ðŸ“¦bs_kymczs ðŸ“¦bg_1eozcqw ðŸ“¦dspl_flex ðŸ“¦flx-wrap_wrap ðŸ“¦flx-grow_1 ðŸ“¦mb_10 ðŸ“¦ml_10 ðŸ“¦mr_10 ðŸ“¦mt_10 ðŸ“¦box-szg_border-box\\"><button class=\\"css-69cngj ðŸ“¦fnt-fam_b77syt ðŸ“¦mt_0px ðŸ“¦fnt-sze_12px ðŸ“¦f-wght_500 ðŸ“¦ln-ht_32px ðŸ“¦ltr-spc_0 ðŸ“¦btrr_3px ðŸ“¦bbrr_3px ðŸ“¦btlr_3px ðŸ“¦bblr_3px ðŸ“¦pt_0px ðŸ“¦pb_0px ðŸ“¦pr_16px ðŸ“¦pl_16px ðŸ“¦ml_0px ðŸ“¦mr_0px ðŸ“¦mb_0px ðŸ“¦h_32px ðŸ“¦pst_relative ðŸ“¦dspl_inline-flex ðŸ“¦algn-itms_center ðŸ“¦flx-wrap_nowrap ðŸ“¦flt_right ðŸ“¦box-szg_border-box\\" role=\\"button\\" aria-haspopup=\\"true\\">Select metric</button><div><div class=\\"sc-bdVaJa cYYVwO\\"><a id=\\"0\\">flare</a></div><svg class=\\"TreeMap.module_mainSvg_3UpOl\\" height=\\"450\\" width=\\"1000\\"><g transform=\\"translate(0,0)\\" class=\\"Node.module_node_2sWtP null\\" id=\\"0\\" style=\\"cursor:auto\\"><rect id=\\"rect-0\\" width=\\"1000\\" height=\\"450\\" fill=\\"rgb(247, 252, 245)\\"></rect><clipPath id=\\"clip-myTreeMap-0\\"><rect width=\\"983\\" height=\\"450\\"></rect></clipPath><a target=\\"_blank\\"><text clip-path=\\"url(#clip-myTreeMap-0)\\"><tspan font-size=\\"14\\" fill=\\"black\\" dx=\\"4\\" dy=\\"14\\">flareÂ (50 MB)</tspan></text></a><g><rect id=\\"rectNumberItems-flare\\" x=\\"986\\" y=\\"2\\" width=\\"12\\" height=\\"14\\" fill=\\"rgb(247, 252, 245)\\" fill-opacity=\\"0.9\\" stroke=\\"black\\"></rect><text font-size=\\"14\\" fill=\\"black\\" x=\\"988\\" y=\\"14\\">5</text></g><title>flare
50 MB
5/6</title></g><g transform=\\"translate(3,19)\\" class=\\"Node.module_node_2sWtP null\\" id=\\"1\\" style=\\"cursor:pointer\\"><rect id=\\"rect-1\\" width=\\"994\\" height=\\"428\\" fill=\\"rgb(34, 139, 69)\\"></rect><clipPath id=\\"clip-myTreeMap-1\\"><rect width=\\"977\\" height=\\"428\\"></rect></clipPath><a target=\\"_blank\\"><text clip-path=\\"url(#clip-myTreeMap-1)\\"><tspan font-size=\\"14\\" fill=\\"black\\" dx=\\"4\\" dy=\\"14\\">analyticsÂ (50 MB)</tspan></text></a><g><rect id=\\"rectNumberItems-analytics\\" x=\\"980\\" y=\\"2\\" width=\\"12\\" height=\\"14\\" fill=\\"rgb(34, 139, 69)\\" fill-opacity=\\"0.9\\" stroke=\\"black\\"></rect><text font-size=\\"14\\" fill=\\"black\\" x=\\"982\\" y=\\"14\\">4</text></g><title>analytics
50 MB
4/6</title></g></svg></div></div></div></div>"
`;
