// Jest Snapshot v1, https://goo.gl/fbAQLP

exports[`Should render TreeMapContainer successfully 1`] = `
"<div class=\\"css-nil ğŸ“¦bs_kymczs ğŸ“¦bg_1eozcqw ğŸ“¦dspl_flex ğŸ“¦flx-wrap_wrap ğŸ“¦flx-grow_1 ğŸ“¦mb_10 ğŸ“¦ml_10 ğŸ“¦mr_10 ğŸ“¦mt_10 ğŸ“¦box-szg_border-box\\"><button class=\\"css-69cngj ğŸ“¦fnt-fam_b77syt ğŸ“¦mt_0px ğŸ“¦fnt-sze_12px ğŸ“¦f-wght_500 ğŸ“¦ln-ht_32px ğŸ“¦ltr-spc_0 ğŸ“¦btrr_3px ğŸ“¦bbrr_3px ğŸ“¦btlr_3px ğŸ“¦bblr_3px ğŸ“¦pt_0px ğŸ“¦pb_0px ğŸ“¦pr_16px ğŸ“¦pl_16px ğŸ“¦ml_0px ğŸ“¦mr_0px ğŸ“¦mb_0px ğŸ“¦h_32px ğŸ“¦pst_relative ğŸ“¦dspl_inline-flex ğŸ“¦algn-itms_center ğŸ“¦flx-wrap_nowrap ğŸ“¦flt_right ğŸ“¦box-szg_border-box\\" role=\\"button\\" aria-haspopup=\\"true\\">Select metric</button><div><div class=\\"sc-bdVaJa cYYVwO\\"><a id=\\"0\\">flare</a></div><svg class=\\"TreeMap.module_mainSvg_3UpOl\\" height=\\"450\\" width=\\"1000\\"><g transform=\\"translate(0,0)\\" class=\\"Node.module_node_2sWtP null\\" id=\\"0\\" style=\\"cursor:auto\\"><rect id=\\"rect-0\\" width=\\"1000\\" height=\\"450\\" fill=\\"rgb(247, 252, 245)\\"></rect><clipPath id=\\"clip-myTreeMap-0\\"><rect width=\\"962\\" height=\\"450\\"></rect></clipPath><a target=\\"_blank\\"><text clip-path=\\"url(#clip-myTreeMap-0)\\"><tspan font-size=\\"14\\" fill=\\"black\\" dx=\\"4\\" dy=\\"14\\">flareÂ (4,780,645 MB)</tspan></text></a><g><rect id=\\"rectNumberItems-flare\\" x=\\"965\\" y=\\"2\\" width=\\"33\\" height=\\"14\\" fill=\\"rgb(247, 252, 245)\\" fill-opacity=\\"0.9\\" stroke=\\"black\\"></rect><text font-size=\\"14\\" fill=\\"black\\" x=\\"967\\" y=\\"14\\">1255</text></g><title>flare
4,780,645 MB
1255/1256</title></g><g transform=\\"translate(3,19)\\" class=\\"Node.module_node_2sWtP null\\" id=\\"1\\" style=\\"cursor:pointer\\"><rect id=\\"rect-1\\" width=\\"269\\" height=\\"142\\" fill=\\"rgb(0, 72, 29)\\"></rect><clipPath id=\\"clip-myTreeMap-1\\"><rect width=\\"245\\" height=\\"142\\"></rect></clipPath><a target=\\"_blank\\"><text clip-path=\\"url(#clip-myTreeMap-1)\\"><tspan font-size=\\"14\\" fill=\\"white\\" dx=\\"4\\" dy=\\"14\\">visÂ (432,629 MB)</tspan></text></a><g><rect id=\\"rectNumberItems-vis\\" x=\\"248\\" y=\\"2\\" width=\\"19\\" height=\\"14\\" fill=\\"rgb(0, 72, 29)\\" fill-opacity=\\"0.9\\" stroke=\\"white\\"></rect><text font-size=\\"14\\" fill=\\"white\\" x=\\"250\\" y=\\"14\\">83</text></g><title>vis
432,629 MB
83/1256</title></g><g transform=\\"translate(3,162)\\" class=\\"Node.module_node_2sWtP null\\" id=\\"2\\" style=\\"cursor:pointer\\"><rect id=\\"rect-2\\" width=\\"269\\" height=\\"142\\" fill=\\"rgb(0, 72, 29)\\"></rect><clipPath id=\\"clip-myTreeMap-2\\"><rect width=\\"245\\" height=\\"142\\"></rect></clipPath><a target=\\"_blank\\"><text clip-path=\\"url(#clip-myTreeMap-2)\\"><tspan font-size=\\"14\\" fill=\\"white\\" dx=\\"4\\" dy=\\"14\\">visÂ (432,629 MB)</tspan></text></a><g><rect id=\\"rectNumberItems-vis\\" x=\\"248\\" y=\\"2\\" width=\\"19\\" height=\\"14\\" fill=\\"rgb(0, 72, 29)\\" fill-opacity=\\"0.9\\" stroke=\\"white\\"></rect><text font-size=\\"14\\" fill=\\"white\\" x=\\"250\\" y=\\"14\\">83</text></g><title>vis
432,629 MB
83/1256</title></g><g transform=\\"translate(3,305)\\" class=\\"Node.module_node_2sWtP null\\" id=\\"3\\" style=\\"cursor:pointer\\"><rect id=\\"rect-3\\" width=\\"269\\" height=\\"142\\" fill=\\"rgb(0, 72, 29)\\"></rect><clipPath id=\\"clip-myTreeMap-3\\"><rect width=\\"245\\" height=\\"142\\"></rect></clipPath><a target=\\"_blank\\"><text clip-path=\\"url(#clip-myTreeMap-3)\\"><tspan font-size=\\"14\\" fill=\\"white\\" dx=\\"4\\" dy=\\"14\\">visÂ (432,629 MB)</tspan></text></a><g><rect id=\\"rectNumberItems-vis\\" x=\\"248\\" y=\\"2\\" width=\\"19\\" height=\\"14\\" fill=\\"rgb(0, 72, 29)\\" fill-opacity=\\"0.9\\" stroke=\\"white\\"></rect><text font-size=\\"14\\" fill=\\"white\\" x=\\"250\\" y=\\"14\\">83</text></g><title>vis
432,629 MB
83/1256</title></g><g transform=\\"translate(273,19)\\" class=\\"Node.module_node_2sWtP null\\" id=\\"4\\" style=\\"cursor:pointer\\"><rect id=\\"rect-4\\" width=\\"179\\" height=\\"214\\" fill=\\"rgb(0, 72, 29)\\"></rect><clipPath id=\\"clip-myTreeMap-4\\"><rect width=\\"155\\" height=\\"214\\"></rect></clipPath><a target=\\"_blank\\"><text clip-path=\\"url(#clip-myTreeMap-4)\\"><tspan font-size=\\"14\\" fill=\\"white\\" dx=\\"4\\" dy=\\"14\\">visÂ (432,629 MB)</tspan></text></a><g><rect id=\\"rectNumberItems-vis\\" x=\\"158\\" y=\\"2\\" width=\\"19\\" height=\\"14\\" fill=\\"rgb(0, 72, 29)\\" fill-opacity=\\"0.9\\" stroke=\\"white\\"></rect><text font-size=\\"14\\" fill=\\"white\\" x=\\"160\\" y=\\"14\\">83</text></g><title>vis
432,629 MB
83/1256</title></g><g transform=\\"translate(273,234)\\" class=\\"Node.module_node_2sWtP null\\" id=\\"5\\" style=\\"cursor:pointer\\"><rect id=\\"rect-5\\" width=\\"179\\" height=\\"213\\" fill=\\"rgb(0, 72, 29)\\"></rect><clipPath id=\\"clip-myTreeMap-5\\"><rect width=\\"155\\" height=\\"213\\"></rect></clipPath><a target=\\"_blank\\"><text clip-path=\\"url(#clip-myTreeMap-5)\\"><tspan font-size=\\"14\\" fill=\\"white\\" dx=\\"4\\" dy=\\"14\\">visÂ (432,629 MB)</tspan></text></a><g><rect id=\\"rectNumberItems-vis\\" x=\\"158\\" y=\\"2\\" width=\\"19\\" height=\\"14\\" fill=\\"rgb(0, 72, 29)\\" fill-opacity=\\"0.9\\" stroke=\\"white\\"></rect><text font-size=\\"14\\" fill=\\"white\\" x=\\"160\\" y=\\"14\\">83</text></g><title>vis
432,629 MB
83/1256</title></g><g transform=\\"translate(453,19)\\" class=\\"Node.module_node_2sWtP null\\" id=\\"6\\" style=\\"cursor:pointer\\"><rect id=\\"rect-6\\" width=\\"171\\" height=\\"85\\" fill=\\"rgb(176, 223, 170)\\"></rect><clipPath id=\\"clip-myTreeMap-6\\"><rect width=\\"147\\" height=\\"85\\"></rect></clipPath><a target=\\"_blank\\"><text clip-path=\\"url(#clip-myTreeMap-6)\\"><tspan font-size=\\"14\\" fill=\\"black\\" dx=\\"4\\" dy=\\"14\\">utilÂ (165,157 MB)</tspan></text></a><g><rect id=\\"rectNumberItems-util\\" x=\\"150\\" y=\\"2\\" width=\\"19\\" height=\\"14\\" fill=\\"rgb(176, 223, 170)\\" fill-opacity=\\"0.9\\" stroke=\\"black\\"></rect><text font-size=\\"14\\" fill=\\"black\\" x=\\"152\\" y=\\"14\\">28</text></g><title>util
165,157 MB
28/1256</title></g><g transform=\\"translate(453,105)\\" class=\\"Node.module_node_2sWtP null\\" id=\\"7\\" style=\\"cursor:pointer\\"><rect id=\\"rect-7\\" width=\\"171\\" height=\\"85\\" fill=\\"rgb(176, 223, 170)\\"></rect><clipPath id=\\"clip-myTreeMap-7\\"><rect width=\\"147\\" height=\\"85\\"></rect></clipPath><a target=\\"_blank\\"><text clip-path=\\"url(#clip-myTreeMap-7)\\"><tspan font-size=\\"14\\" fill=\\"black\\" dx=\\"4\\" dy=\\"14\\">utilÂ (165,157 MB)</tspan></text></a><g><rect id=\\"rectNumberItems-util\\" x=\\"150\\" y=\\"2\\" width=\\"19\\" height=\\"14\\" fill=\\"rgb(176, 223, 170)\\" fill-opacity=\\"0.9\\" stroke=\\"black\\"></rect><text font-size=\\"14\\" fill=\\"black\\" x=\\"152\\" y=\\"14\\">28</text></g><title>util
165,157 MB
28/1256</title></g><g transform=\\"translate(453,191)\\" class=\\"Node.module_node_2sWtP null\\" id=\\"8\\" style=\\"cursor:pointer\\"><rect id=\\"rect-8\\" width=\\"171\\" height=\\"84\\" fill=\\"rgb(176, 223, 170)\\"></rect><clipPath id=\\"clip-myTreeMap-8\\"><rect width=\\"147\\" height=\\"84\\"></rect></clipPath><a target=\\"_blank\\"><text clip-path=\\"url(#clip-myTreeMap-8)\\"><tspan font-size=\\"14\\" fill=\\"black\\" dx=\\"4\\" dy=\\"14\\">utilÂ (165,157 MB)</tspan></text></a><g><rect id=\\"rectNumberItems-util\\" x=\\"150\\" y=\\"2\\" width=\\"19\\" height=\\"14\\" fill=\\"rgb(176, 223, 170)\\" fill-opacity=\\"0.9\\" stroke=\\"black\\"></rect><text font-size=\\"14\\" fill=\\"black\\" x=\\"152\\" y=\\"14\\">28</text></g><title>util
165,157 MB
28/1256</title></g><g transform=\\"translate(453,276)\\" class=\\"Node.module_node_2sWtP null\\" id=\\"9\\" style=\\"cursor:pointer\\"><rect id=\\"rect-9\\" width=\\"171\\" height=\\"85\\" fill=\\"rgb(176, 223, 170)\\"></rect><clipPath id=\\"clip-myTreeMap-9\\"><rect width=\\"147\\" height=\\"85\\"></rect></clipPath><a target=\\"_blank\\"><text clip-path=\\"url(#clip-myTreeMap-9)\\"><tspan font-size=\\"14\\" fill=\\"black\\" dx=\\"4\\" dy=\\"14\\">utilÂ (165,157 MB)</tspan></text></a><g><rect id=\\"rectNumberItems-util\\" x=\\"150\\" y=\\"2\\" width=\\"19\\" height=\\"14\\" fill=\\"rgb(176, 223, 170)\\" fill-opacity=\\"0.9\\" stroke=\\"black\\"></rect><text font-size=\\"14\\" fill=\\"black\\" x=\\"152\\" y=\\"14\\">28</text></g><title>util
165,157 MB
28/1256</title></g><g transform=\\"translate(453,362)\\" class=\\"Node.module_node_2sWtP null\\" id=\\"10\\" style=\\"cursor:pointer\\"><rect id=\\"rect-10\\" width=\\"171\\" height=\\"85\\" fill=\\"rgb(176, 223, 170)\\"></rect><clipPath id=\\"clip-myTreeMap-10\\"><rect width=\\"147\\" height=\\"85\\"></rect></clipPath><a target=\\"_blank\\"><text clip-path=\\"url(#clip-myTreeMap-10)\\"><tspan font-size=\\"14\\" fill=\\"black\\" dx=\\"4\\" dy=\\"14\\">utilÂ (165,157 MB)</tspan></text></a><g><rect id=\\"rectNumberItems-util\\" x=\\"150\\" y=\\"2\\" width=\\"19\\" height=\\"14\\" fill=\\"rgb(176, 223, 170)\\" fill-opacity=\\"0.9\\" stroke=\\"black\\"></rect><text font-size=\\"14\\" fill=\\"black\\" x=\\"152\\" y=\\"14\\">28</text></g><title>util
165,157 MB
28/1256</title></g><g transform=\\"translate(625,19)\\" class=\\"Node.module_node_2sWtP null\\" id=\\"11\\" style=\\"cursor:pointer\\"><rect id=\\"rect-11\\" width=\\"74\\" height=\\"119\\" fill=\\"rgb(200, 233, 194)\\"></rect><clipPath id=\\"clip-myTreeMap-11\\"><rect width=\\"50\\" height=\\"119\\"></rect></clipPath><a target=\\"_blank\\"><text clip-path=\\"url(#clip-myTreeMap-11)\\"><tspan font-size=\\"14\\" fill=\\"black\\" dx=\\"4\\" dy=\\"14\\">animateÂ (100,024 MB)</tspan></text></a><g><rect id=\\"rectNumberItems-animate\\" x=\\"53\\" y=\\"2\\" width=\\"19\\" height=\\"14\\" fill=\\"rgb(200, 233, 194)\\" fill-opacity=\\"0.9\\" stroke=\\"black\\"></rect><text font-size=\\"14\\" fill=\\"black\\" x=\\"55\\" y=\\"14\\">21</text></g><title>animate
100,024 MB
21/1256</title></g><g transform=\\"translate(700,19)\\" class=\\"Node.module_node_2sWtP null\\" id=\\"12\\" style=\\"cursor:pointer\\"><rect id=\\"rect-12\\" width=\\"73\\" height=\\"119\\" fill=\\"rgb(200, 233, 194)\\"></rect><clipPath id=\\"clip-myTreeMap-12\\"><rect width=\\"49\\" height=\\"119\\"></rect></clipPath><a target=\\"_blank\\"><text clip-path=\\"url(#clip-myTreeMap-12)\\"><tspan font-size=\\"14\\" fill=\\"black\\" dx=\\"4\\" dy=\\"14\\">animateÂ (100,024 MB)</tspan></text></a><g><rect id=\\"rectNumberItems-animate\\" x=\\"52\\" y=\\"2\\" width=\\"19\\" height=\\"14\\" fill=\\"rgb(200, 233, 194)\\" fill-opacity=\\"0.9\\" stroke=\\"black\\"></rect><text font-size=\\"14\\" fill=\\"black\\" x=\\"54\\" y=\\"14\\">21</text></g><title>animate
100,024 MB
21/1256</title></g><g transform=\\"translate(774,19)\\" class=\\"Node.module_node_2sWtP null\\" id=\\"13\\" style=\\"cursor:pointer\\"><rect id=\\"rect-13\\" width=\\"74\\" height=\\"119\\" fill=\\"rgb(200, 233, 194)\\"></rect><clipPath id=\\"clip-myTreeMap-13\\"><rect width=\\"50\\" height=\\"119\\"></rect></clipPath><a target=\\"_blank\\"><text clip-path=\\"url(#clip-myTreeMap-13)\\"><tspan font-size=\\"14\\" fill=\\"black\\" dx=\\"4\\" dy=\\"14\\">animateÂ (100,024 MB)</tspan></text></a><g><rect id=\\"rectNumberItems-animate\\" x=\\"53\\" y=\\"2\\" width=\\"19\\" height=\\"14\\" fill=\\"rgb(200, 233, 194)\\" fill-opacity=\\"0.9\\" stroke=\\"black\\"></rect><text font-size=\\"14\\" fill=\\"black\\" x=\\"55\\" y=\\"14\\">21</text></g><title>animate
100,024 MB
21/1256</title></g><g transform=\\"translate(849,19)\\" class=\\"Node.module_node_2sWtP null\\" id=\\"14\\" style=\\"cursor:pointer\\"><rect id=\\"rect-14\\" width=\\"73\\" height=\\"119\\" fill=\\"rgb(200, 233, 194)\\"></rect><clipPath id=\\"clip-myTreeMap-14\\"><rect width=\\"49\\" height=\\"119\\"></rect></clipPath><a target=\\"_blank\\"><text clip-path=\\"url(#clip-myTreeMap-14)\\"><tspan font-size=\\"14\\" fill=\\"black\\" dx=\\"4\\" dy=\\"14\\">animateÂ (100,024 MB)</tspan></text></a><g><rect id=\\"rectNumberItems-animate\\" x=\\"52\\" y=\\"2\\" width=\\"19\\" height=\\"14\\" fill=\\"rgb(200, 233, 194)\\" fill-opacity=\\"0.9\\" stroke=\\"black\\"></rect><text font-size=\\"14\\" fill=\\"black\\" x=\\"54\\" y=\\"14\\">21</text></g><title>animate
100,024 MB
21/1256</title></g><g transform=\\"translate(923,19)\\" class=\\"Node.module_node_2sWtP null\\" id=\\"15\\" style=\\"cursor:pointer\\"><rect id=\\"rect-15\\" width=\\"74\\" height=\\"119\\" fill=\\"rgb(200, 233, 194)\\"></rect><clipPath id=\\"clip-myTreeMap-15\\"><rect width=\\"50\\" height=\\"119\\"></rect></clipPath><a target=\\"_blank\\"><text clip-path=\\"url(#clip-myTreeMap-15)\\"><tspan font-size=\\"14\\" fill=\\"black\\" dx=\\"4\\" dy=\\"14\\">animateÂ (100,024 MB)</tspan></text></a><g><rect id=\\"rectNumberItems-animate\\" x=\\"53\\" y=\\"2\\" width=\\"19\\" height=\\"14\\" fill=\\"rgb(200, 233, 194)\\" fill-opacity=\\"0.9\\" stroke=\\"black\\"></rect><text font-size=\\"14\\" fill=\\"black\\" x=\\"55\\" y=\\"14\\">21</text></g><title>animate
100,024 MB
21/1256</title></g><g transform=\\"translate(625,139)\\" class=\\"Node.module_node_2sWtP null\\" id=\\"16\\" style=\\"cursor:pointer\\"><rect id=\\"rect-16\\" width=\\"103\\" height=\\"76\\" fill=\\"rgb(41, 146, 74)\\"></rect><clipPath id=\\"clip-myTreeMap-16\\"><rect width=\\"79\\" height=\\"76\\"></rect></clipPath><a target=\\"_blank\\"><text clip-path=\\"url(#clip-myTreeMap-16)\\"><tspan font-size=\\"14\\" fill=\\"black\\" dx=\\"4\\" dy=\\"14\\">queryÂ (89,721 MB)</tspan></text></a><g><rect id=\\"rectNumberItems-query\\" x=\\"82\\" y=\\"2\\" width=\\"19\\" height=\\"14\\" fill=\\"rgb(41, 146, 74)\\" fill-opacity=\\"0.9\\" stroke=\\"black\\"></rect><text font-size=\\"14\\" fill=\\"black\\" x=\\"84\\" y=\\"14\\">61</text></g><title>query
89,721 MB
61/1256</title></g><g transform=\\"translate(625,216)\\" class=\\"Node.module_node_2sWtP null\\" id=\\"17\\" style=\\"cursor:pointer\\"><rect id=\\"rect-17\\" width=\\"103\\" height=\\"76\\" fill=\\"rgb(41, 146, 74)\\"></rect><clipPath id=\\"clip-myTreeMap-17\\"><rect width=\\"79\\" height=\\"76\\"></rect></clipPath><a target=\\"_blank\\"><text clip-path=\\"url(#clip-myTreeMap-17)\\"><tspan font-size=\\"14\\" fill=\\"black\\" dx=\\"4\\" dy=\\"14\\">queryÂ (89,721 MB)</tspan></text></a><g><rect id=\\"rectNumberItems-query\\" x=\\"82\\" y=\\"2\\" width=\\"19\\" height=\\"14\\" fill=\\"rgb(41, 146, 74)\\" fill-opacity=\\"0.9\\" stroke=\\"black\\"></rect><text font-size=\\"14\\" fill=\\"black\\" x=\\"84\\" y=\\"14\\">61</text></g><title>query
89,721 MB
61/1256</title></g><g transform=\\"translate(625,293)\\" class=\\"Node.module_node_2sWtP null\\" id=\\"18\\" style=\\"cursor:pointer\\"><rect id=\\"rect-18\\" width=\\"103\\" height=\\"77\\" fill=\\"rgb(41, 146, 74)\\"></rect><clipPath id=\\"clip-myTreeMap-18\\"><rect width=\\"79\\" height=\\"77\\"></rect></clipPath><a target=\\"_blank\\"><text clip-path=\\"url(#clip-myTreeMap-18)\\"><tspan font-size=\\"14\\" fill=\\"black\\" dx=\\"4\\" dy=\\"14\\">queryÂ (89,721 MB)</tspan></text></a><g><rect id=\\"rectNumberItems-query\\" x=\\"82\\" y=\\"2\\" width=\\"19\\" height=\\"14\\" fill=\\"rgb(41, 146, 74)\\" fill-opacity=\\"0.9\\" stroke=\\"black\\"></rect><text font-size=\\"14\\" fill=\\"black\\" x=\\"84\\" y=\\"14\\">61</text></g><title>query
89,721 MB
61/1256</title></g><g transform=\\"translate(625,371)\\" class=\\"Node.module_node_2sWtP null\\" id=\\"19\\" style=\\"cursor:pointer\\"><rect id=\\"rect-19\\" width=\\"103\\" height=\\"76\\" fill=\\"rgb(41, 146, 74)\\"></rect><clipPath id=\\"clip-myTreeMap-19\\"><rect width=\\"79\\" height=\\"76\\"></rect></clipPath><a target=\\"_blank\\"><text clip-path=\\"url(#clip-myTreeMap-19)\\"><tspan font-size=\\"14\\" fill=\\"black\\" dx=\\"4\\" dy=\\"14\\">queryÂ (89,721 MB)</tspan></text></a><g><rect id=\\"rectNumberItems-query\\" x=\\"82\\" y=\\"2\\" width=\\"19\\" height=\\"14\\" fill=\\"rgb(41, 146, 74)\\" fill-opacity=\\"0.9\\" stroke=\\"black\\"></rect><text font-size=\\"14\\" fill=\\"black\\" x=\\"84\\" y=\\"14\\">61</text></g><title>query
89,721 MB
61/1256</title></g><g transform=\\"translate(729,139)\\" class=\\"Node.module_node_2sWtP null\\" id=\\"20\\" style=\\"cursor:pointer\\"><rect id=\\"rect-20\\" width=\\"84\\" height=\\"93\\" fill=\\"rgb(41, 146, 74)\\"></rect><clipPath id=\\"clip-myTreeMap-20\\"><rect width=\\"60\\" height=\\"93\\"></rect></clipPath><a target=\\"_blank\\"><text clip-path=\\"url(#clip-myTreeMap-20)\\"><tspan font-size=\\"14\\" fill=\\"black\\" dx=\\"4\\" dy=\\"14\\">queryÂ (89,721 MB)</tspan></text></a><g><rect id=\\"rectNumberItems-query\\" x=\\"63\\" y=\\"2\\" width=\\"19\\" height=\\"14\\" fill=\\"rgb(41, 146, 74)\\" fill-opacity=\\"0.9\\" stroke=\\"black\\"></rect><text font-size=\\"14\\" fill=\\"black\\" x=\\"65\\" y=\\"14\\">61</text></g><title>query
89,721 MB
61/1256</title></g><g transform=\\"translate(814,139)\\" class=\\"Node.module_node_2sWtP null\\" id=\\"21\\" style=\\"cursor:pointer\\"><rect id=\\"rect-21\\" width=\\"45\\" height=\\"93\\" fill=\\"rgb(223, 243, 218)\\"></rect><clipPath id=\\"clip-myTreeMap-21\\"><rect width=\\"21\\" height=\\"93\\"></rect></clipPath><a target=\\"_blank\\"><text clip-path=\\"url(#clip-myTreeMap-21)\\"><tspan font-size=\\"14\\" fill=\\"black\\" dx=\\"4\\" dy=\\"14\\">analyticsÂ (48,716 MB)</tspan></text></a><g><rect id=\\"rectNumberItems-analytics\\" x=\\"24\\" y=\\"2\\" width=\\"19\\" height=\\"14\\" fill=\\"rgb(223, 243, 218)\\" fill-opacity=\\"0.9\\" stroke=\\"black\\"></rect><text font-size=\\"14\\" fill=\\"black\\" x=\\"26\\" y=\\"14\\">13</text></g><title>analytics
48,716 MB
13/1256</title></g><g transform=\\"translate(860,139)\\" class=\\"Node.module_node_2sWtP null\\" id=\\"22\\" style=\\"cursor:pointer\\"><rect id=\\"rect-22\\" width=\\"45\\" height=\\"93\\" fill=\\"rgb(223, 243, 218)\\"></rect><clipPath id=\\"clip-myTreeMap-22\\"><rect width=\\"21\\" height=\\"93\\"></rect></clipPath><a target=\\"_blank\\"><text clip-path=\\"url(#clip-myTreeMap-22)\\"><tspan font-size=\\"14\\" fill=\\"black\\" dx=\\"4\\" dy=\\"14\\">analyticsÂ (48,716 MB)</tspan></text></a><g><rect id=\\"rectNumberItems-analytics\\" x=\\"24\\" y=\\"2\\" width=\\"19\\" height=\\"14\\" fill=\\"rgb(223, 243, 218)\\" fill-opacity=\\"0.9\\" stroke=\\"black\\"></rect><text font-size=\\"14\\" fill=\\"black\\" x=\\"26\\" y=\\"14\\">13</text></g><title>analytics
48,716 MB
13/1256</title></g><g transform=\\"translate(906,139)\\" class=\\"Node.module_node_2sWtP null\\" id=\\"23\\" style=\\"cursor:pointer\\"><rect id=\\"rect-23\\" width=\\"45\\" height=\\"93\\" fill=\\"rgb(223, 243, 218)\\"></rect><clipPath id=\\"clip-myTreeMap-23\\"><rect width=\\"21\\" height=\\"93\\"></rect></clipPath><a target=\\"_blank\\"><text clip-path=\\"url(#clip-myTreeMap-23)\\"><tspan font-size=\\"14\\" fill=\\"black\\" dx=\\"4\\" dy=\\"14\\">analyticsÂ (48,716 MB)</tspan></text></a><g><rect id=\\"rectNumberItems-analytics\\" x=\\"24\\" y=\\"2\\" width=\\"19\\" height=\\"14\\" fill=\\"rgb(223, 243, 218)\\" fill-opacity=\\"0.9\\" stroke=\\"black\\"></rect><text font-size=\\"14\\" fill=\\"black\\" x=\\"26\\" y=\\"14\\">13</text></g><title>analytics
48,716 MB
13/1256</title></g><g transform=\\"translate(952,139)\\" class=\\"Node.module_node_2sWtP null\\" id=\\"24\\" style=\\"cursor:pointer\\"><rect id=\\"rect-24\\" width=\\"45\\" height=\\"93\\" fill=\\"rgb(223, 243, 218)\\"></rect><clipPath id=\\"clip-myTreeMap-24\\"><rect width=\\"21\\" height=\\"93\\"></rect></clipPath><a href=\\"https://blog.josequinto.com\\" target=\\"_blank\\"><text clip-path=\\"url(#clip-myTreeMap-24)\\"><tspan font-size=\\"14\\" fill=\\"black\\" dx=\\"4\\" dy=\\"14\\">analyticsÂ (48,716 MB)</tspan></text></a><g><rect id=\\"rectNumberItems-analytics\\" x=\\"24\\" y=\\"2\\" width=\\"19\\" height=\\"14\\" fill=\\"rgb(223, 243, 218)\\" fill-opacity=\\"0.9\\" stroke=\\"black\\"></rect><text font-size=\\"14\\" fill=\\"black\\" x=\\"26\\" y=\\"14\\">13</text></g><title>analytics
48,716 MB
13/1256</title></g><g transform=\\"translate(729,233)\\" class=\\"Node.module_node_2sWtP null\\" id=\\"25\\" style=\\"cursor:pointer\\"><rect id=\\"rect-25\\" width=\\"69\\" height=\\"61\\" fill=\\"rgb(223, 243, 218)\\"></rect><clipPath id=\\"clip-myTreeMap-25\\"><rect width=\\"45\\" height=\\"61\\"></rect></clipPath><a target=\\"_blank\\"><text clip-path=\\"url(#clip-myTreeMap-25)\\"><tspan font-size=\\"14\\" fill=\\"black\\" dx=\\"4\\" dy=\\"14\\">analyticsÂ (48,716 MB)</tspan></text></a><g><rect id=\\"rectNumberItems-analytics\\" x=\\"48\\" y=\\"2\\" width=\\"19\\" height=\\"14\\" fill=\\"rgb(223, 243, 218)\\" fill-opacity=\\"0.9\\" stroke=\\"black\\"></rect><text font-size=\\"14\\" fill=\\"black\\" x=\\"50\\" y=\\"14\\">13</text></g><title>analytics
48,716 MB
13/1256</title></g><g transform=\\"translate(729,295)\\" class=\\"Node.module_node_2sWtP null\\" id=\\"26\\" style=\\"cursor:pointer\\"><rect id=\\"rect-26\\" width=\\"69\\" height=\\"37\\" fill=\\"rgb(226, 244, 221)\\"></rect><clipPath id=\\"clip-myTreeMap-26\\"><rect width=\\"45\\" height=\\"37\\"></rect></clipPath><a target=\\"_blank\\"><text clip-path=\\"url(#clip-myTreeMap-26)\\"><tspan font-size=\\"14\\" fill=\\"black\\" dx=\\"4\\" dy=\\"14\\">dataÂ (30,284 MB)</tspan></text></a><g><rect id=\\"rectNumberItems-data\\" x=\\"48\\" y=\\"2\\" width=\\"19\\" height=\\"14\\" fill=\\"rgb(226, 244, 221)\\" fill-opacity=\\"0.9\\" stroke=\\"black\\"></rect><text font-size=\\"14\\" fill=\\"black\\" x=\\"50\\" y=\\"14\\">12</text></g><title>data
30,284 MB
12/1256</title></g><g transform=\\"translate(729,333)\\" class=\\"Node.module_node_2sWtP null\\" id=\\"27\\" style=\\"cursor:pointer\\"><rect id=\\"rect-27\\" width=\\"69\\" height=\\"37\\" fill=\\"rgb(226, 244, 221)\\"></rect><clipPath id=\\"clip-myTreeMap-27\\"><rect width=\\"45\\" height=\\"37\\"></rect></clipPath><a target=\\"_blank\\"><text clip-path=\\"url(#clip-myTreeMap-27)\\"><tspan font-size=\\"14\\" fill=\\"black\\" dx=\\"4\\" dy=\\"14\\">dataÂ (30,284 MB)</tspan></text></a><g><rect id=\\"rectNumberItems-data\\" x=\\"48\\" y=\\"2\\" width=\\"19\\" height=\\"14\\" fill=\\"rgb(226, 244, 221)\\" fill-opacity=\\"0.9\\" stroke=\\"black\\"></rect><text font-size=\\"14\\" fill=\\"black\\" x=\\"50\\" y=\\"14\\">12</text></g><title>data
30,284 MB
12/1256</title></g><g transform=\\"translate(729,371)\\" class=\\"Node.module_node_2sWtP null\\" id=\\"28\\" style=\\"cursor:pointer\\"><rect id=\\"rect-28\\" width=\\"69\\" height=\\"38\\" fill=\\"rgb(226, 244, 221)\\"></rect><clipPath id=\\"clip-myTreeMap-28\\"><rect width=\\"45\\" height=\\"38\\"></rect></clipPath><a target=\\"_blank\\"><text clip-path=\\"url(#clip-myTreeMap-28)\\"><tspan font-size=\\"14\\" fill=\\"black\\" dx=\\"4\\" dy=\\"14\\">dataÂ (30,284 MB)</tspan></text></a><g><rect id=\\"rectNumberItems-data\\" x=\\"48\\" y=\\"2\\" width=\\"19\\" height=\\"14\\" fill=\\"rgb(226, 244, 221)\\" fill-opacity=\\"0.9\\" stroke=\\"black\\"></rect><text font-size=\\"14\\" fill=\\"black\\" x=\\"50\\" y=\\"14\\">12</text></g><title>data
30,284 MB
12/1256</title></g><g transform=\\"translate(729,410)\\" class=\\"Node.module_node_2sWtP null\\" id=\\"29\\" style=\\"cursor:pointer\\"><rect id=\\"rect-29\\" width=\\"69\\" height=\\"37\\" fill=\\"rgb(226, 244, 221)\\"></rect><clipPath id=\\"clip-myTreeMap-29\\"><rect width=\\"45\\" height=\\"37\\"></rect></clipPath><a target=\\"_blank\\"><text clip-path=\\"url(#clip-myTreeMap-29)\\"><tspan font-size=\\"14\\" fill=\\"black\\" dx=\\"4\\" dy=\\"14\\">dataÂ (30,284 MB)</tspan></text></a><g><rect id=\\"rectNumberItems-data\\" x=\\"48\\" y=\\"2\\" width=\\"19\\" height=\\"14\\" fill=\\"rgb(226, 244, 221)\\" fill-opacity=\\"0.9\\" stroke=\\"black\\"></rect><text font-size=\\"14\\" fill=\\"black\\" x=\\"50\\" y=\\"14\\">12</text></g><title>data
30,284 MB
12/1256</title></g><g transform=\\"translate(799,233)\\" class=\\"Node.module_node_2sWtP null\\" id=\\"30\\" style=\\"cursor:pointer\\"><rect id=\\"rect-30\\" width=\\"38\\" height=\\"69\\" fill=\\"rgb(226, 244, 221)\\"></rect><clipPath id=\\"clip-myTreeMap-30\\"><rect width=\\"14\\" height=\\"69\\"></rect></clipPath><a target=\\"_blank\\"><text clip-path=\\"url(#clip-myTreeMap-30)\\"><tspan font-size=\\"14\\" fill=\\"black\\" dx=\\"4\\" dy=\\"14\\">dataÂ (30,284 MB)</tspan></text></a><g><rect id=\\"rectNumberItems-data\\" x=\\"17\\" y=\\"2\\" width=\\"19\\" height=\\"14\\" fill=\\"rgb(226, 244, 221)\\" fill-opacity=\\"0.9\\" stroke=\\"black\\"></rect><text font-size=\\"14\\" fill=\\"black\\" x=\\"19\\" y=\\"14\\">12</text></g><title>data
30,284 MB
12/1256</title></g><g transform=\\"translate(838,233)\\" class=\\"Node.module_node_2sWtP null\\" id=\\"31\\" style=\\"cursor:pointer\\"><rect id=\\"rect-31\\" width=\\"39\\" height=\\"69\\" fill=\\"rgb(230, 245, 226)\\"></rect><clipPath id=\\"clip-myTreeMap-31\\"><rect width=\\"15\\" height=\\"69\\"></rect></clipPath><a target=\\"_blank\\"><text clip-path=\\"url(#clip-myTreeMap-31)\\"><tspan font-size=\\"14\\" fill=\\"black\\" dx=\\"4\\" dy=\\"14\\">scaleÂ (31,294 MB)</tspan></text></a><g><rect id=\\"rectNumberItems-scale\\" x=\\"18\\" y=\\"2\\" width=\\"19\\" height=\\"14\\" fill=\\"rgb(230, 245, 226)\\" fill-opacity=\\"0.9\\" stroke=\\"black\\"></rect><text font-size=\\"14\\" fill=\\"black\\" x=\\"20\\" y=\\"14\\">10</text></g><title>scale
31,294 MB
10/1256</title></g><g transform=\\"translate(878,233)\\" class=\\"Node.module_node_2sWtP null\\" id=\\"32\\" style=\\"cursor:pointer\\"><rect id=\\"rect-32\\" width=\\"39\\" height=\\"69\\" fill=\\"rgb(230, 245, 226)\\"></rect><clipPath id=\\"clip-myTreeMap-32\\"><rect width=\\"15\\" height=\\"69\\"></rect></clipPath><a target=\\"_blank\\"><text clip-path=\\"url(#clip-myTreeMap-32)\\"><tspan font-size=\\"14\\" fill=\\"black\\" dx=\\"4\\" dy=\\"14\\">scaleÂ (31,294 MB)</tspan></text></a><g><rect id=\\"rectNumberItems-scale\\" x=\\"18\\" y=\\"2\\" width=\\"19\\" height=\\"14\\" fill=\\"rgb(230, 245, 226)\\" fill-opacity=\\"0.9\\" stroke=\\"black\\"></rect><text font-size=\\"14\\" fill=\\"black\\" x=\\"20\\" y=\\"14\\">10</text></g><title>scale
31,294 MB
10/1256</title></g><g transform=\\"translate(918,233)\\" class=\\"Node.module_node_2sWtP null\\" id=\\"33\\" style=\\"cursor:pointer\\"><rect id=\\"rect-33\\" width=\\"39\\" height=\\"69\\" fill=\\"rgb(230, 245, 226)\\"></rect><clipPath id=\\"clip-myTreeMap-33\\"><rect width=\\"15\\" height=\\"69\\"></rect></clipPath><a target=\\"_blank\\"><text clip-path=\\"url(#clip-myTreeMap-33)\\"><tspan font-size=\\"14\\" fill=\\"black\\" dx=\\"4\\" dy=\\"14\\">scaleÂ (31,294 MB)</tspan></text></a><g><rect id=\\"rectNumberItems-scale\\" x=\\"18\\" y=\\"2\\" width=\\"19\\" height=\\"14\\" fill=\\"rgb(230, 245, 226)\\" fill-opacity=\\"0.9\\" stroke=\\"black\\"></rect><text font-size=\\"14\\" fill=\\"black\\" x=\\"20\\" y=\\"14\\">10</text></g><title>scale
31,294 MB
10/1256</title></g><g transform=\\"translate(958,233)\\" class=\\"Node.module_node_2sWtP null\\" id=\\"34\\" style=\\"cursor:pointer\\"><rect id=\\"rect-34\\" width=\\"39\\" height=\\"69\\" fill=\\"rgb(230, 245, 226)\\"></rect><clipPath id=\\"clip-myTreeMap-34\\"><rect width=\\"15\\" height=\\"69\\"></rect></clipPath><a target=\\"_blank\\"><text clip-path=\\"url(#clip-myTreeMap-34)\\"><tspan font-size=\\"14\\" fill=\\"black\\" dx=\\"4\\" dy=\\"14\\">scaleÂ (31,294 MB)</tspan></text></a><g><rect id=\\"rectNumberItems-scale\\" x=\\"18\\" y=\\"2\\" width=\\"19\\" height=\\"14\\" fill=\\"rgb(230, 245, 226)\\" fill-opacity=\\"0.9\\" stroke=\\"black\\"></rect><text font-size=\\"14\\" fill=\\"black\\" x=\\"20\\" y=\\"14\\">10</text></g><title>scale
31,294 MB
10/1256</title></g><g transform=\\"translate(799,303)\\" class=\\"Node.module_node_2sWtP null\\" id=\\"35\\" style=\\"cursor:pointer\\"><rect id=\\"rect-35\\" width=\\"74\\" height=\\"36\\" fill=\\"rgb(230, 245, 226)\\"></rect><clipPath id=\\"clip-myTreeMap-35\\"><rect width=\\"50\\" height=\\"36\\"></rect></clipPath><a target=\\"_blank\\"><text clip-path=\\"url(#clip-myTreeMap-35)\\"><tspan font-size=\\"14\\" fill=\\"black\\" dx=\\"4\\" dy=\\"14\\">scaleÂ (31,294 MB)</tspan></text></a><g><rect id=\\"rectNumberItems-scale\\" x=\\"53\\" y=\\"2\\" width=\\"19\\" height=\\"14\\" fill=\\"rgb(230, 245, 226)\\" fill-opacity=\\"0.9\\" stroke=\\"black\\"></rect><text font-size=\\"14\\" fill=\\"black\\" x=\\"55\\" y=\\"14\\">10</text></g><title>scale
31,294 MB
10/1256</title></g><g transform=\\"translate(799,340)\\" class=\\"Node.module_node_2sWtP null\\" id=\\"36\\" style=\\"cursor:pointer\\"><rect id=\\"rect-36\\" width=\\"74\\" height=\\"35\\" fill=\\"rgb(234, 247, 230)\\"></rect><clipPath id=\\"clip-myTreeMap-36\\"><rect width=\\"57\\" height=\\"35\\"></rect></clipPath><a target=\\"_blank\\"><text clip-path=\\"url(#clip-myTreeMap-36)\\"><tspan font-size=\\"14\\" fill=\\"black\\" dx=\\"4\\" dy=\\"14\\">physicsÂ (29,934 MB)</tspan></text></a><g><rect id=\\"rectNumberItems-physics\\" x=\\"60\\" y=\\"2\\" width=\\"12\\" height=\\"14\\" fill=\\"rgb(234, 247, 230)\\" fill-opacity=\\"0.9\\" stroke=\\"black\\"></rect><text font-size=\\"14\\" fill=\\"black\\" x=\\"62\\" y=\\"14\\">8</text></g><title>physics
29,934 MB
8/1256</title></g><g transform=\\"translate(799,376)\\" class=\\"Node.module_node_2sWtP null\\" id=\\"37\\" style=\\"cursor:pointer\\"><rect id=\\"rect-37\\" width=\\"74\\" height=\\"35\\" fill=\\"rgb(234, 247, 230)\\"></rect><clipPath id=\\"clip-myTreeMap-37\\"><rect width=\\"57\\" height=\\"35\\"></rect></clipPath><a target=\\"_blank\\"><text clip-path=\\"url(#clip-myTreeMap-37)\\"><tspan font-size=\\"14\\" fill=\\"black\\" dx=\\"4\\" dy=\\"14\\">physicsÂ (29,934 MB)</tspan></text></a><g><rect id=\\"rectNumberItems-physics\\" x=\\"60\\" y=\\"2\\" width=\\"12\\" height=\\"14\\" fill=\\"rgb(234, 247, 230)\\" fill-opacity=\\"0.9\\" stroke=\\"black\\"></rect><text font-size=\\"14\\" fill=\\"black\\" x=\\"62\\" y=\\"14\\">8</text></g><title>physics
29,934 MB
8/1256</title></g><g transform=\\"translate(799,412)\\" class=\\"Node.module_node_2sWtP null\\" id=\\"38\\" style=\\"cursor:pointer\\"><rect id=\\"rect-38\\" width=\\"74\\" height=\\"35\\" fill=\\"rgb(234, 247, 230)\\"></rect><clipPath id=\\"clip-myTreeMap-38\\"><rect width=\\"57\\" height=\\"35\\"></rect></clipPath><a target=\\"_blank\\"><text clip-path=\\"url(#clip-myTreeMap-38)\\"><tspan font-size=\\"14\\" fill=\\"black\\" dx=\\"4\\" dy=\\"14\\">physicsÂ (29,934 MB)</tspan></text></a><g><rect id=\\"rectNumberItems-physics\\" x=\\"60\\" y=\\"2\\" width=\\"12\\" height=\\"14\\" fill=\\"rgb(234, 247, 230)\\" fill-opacity=\\"0.9\\" stroke=\\"black\\"></rect><text font-size=\\"14\\" fill=\\"black\\" x=\\"62\\" y=\\"14\\">8</text></g><title>physics
29,934 MB
8/1256</title></g><g transform=\\"translate(874,303)\\" class=\\"Node.module_node_2sWtP null\\" id=\\"39\\" style=\\"cursor:pointer\\"><rect id=\\"rect-39\\" width=\\"43\\" height=\\"59\\" fill=\\"rgb(234, 247, 230)\\"></rect><clipPath id=\\"clip-myTreeMap-39\\"><rect width=\\"26\\" height=\\"59\\"></rect></clipPath><a target=\\"_blank\\"><text clip-path=\\"url(#clip-myTreeMap-39)\\"><tspan font-size=\\"14\\" fill=\\"black\\" dx=\\"4\\" dy=\\"14\\">physicsÂ (29,934 MB)</tspan></text></a><g><rect id=\\"rectNumberItems-physics\\" x=\\"29\\" y=\\"2\\" width=\\"12\\" height=\\"14\\" fill=\\"rgb(234, 247, 230)\\" fill-opacity=\\"0.9\\" stroke=\\"black\\"></rect><text font-size=\\"14\\" fill=\\"black\\" x=\\"31\\" y=\\"14\\">8</text></g><title>physics
29,934 MB
8/1256</title></g><g transform=\\"translate(918,303)\\" class=\\"Node.module_node_2sWtP null\\" id=\\"40\\" style=\\"cursor:pointer\\"><rect id=\\"rect-40\\" width=\\"43\\" height=\\"59\\" fill=\\"rgb(234, 247, 230)\\"></rect><clipPath id=\\"clip-myTreeMap-40\\"><rect width=\\"26\\" height=\\"59\\"></rect></clipPath><a target=\\"_blank\\"><text clip-path=\\"url(#clip-myTreeMap-40)\\"><tspan font-size=\\"14\\" fill=\\"black\\" dx=\\"4\\" dy=\\"14\\">physicsÂ (29,934 MB)</tspan></text></a><g><rect id=\\"rectNumberItems-physics\\" x=\\"29\\" y=\\"2\\" width=\\"12\\" height=\\"14\\" fill=\\"rgb(234, 247, 230)\\" fill-opacity=\\"0.9\\" stroke=\\"black\\"></rect><text font-size=\\"14\\" fill=\\"black\\" x=\\"31\\" y=\\"14\\">8</text></g><title>physics
29,934 MB
8/1256</title></g><g transform=\\"translate(962,303)\\" class=\\"Node.module_node_2sWtP null\\" id=\\"41\\" style=\\"cursor:pointer\\"><rect id=\\"rect-41\\" width=\\"35\\" height=\\"59\\" fill=\\"rgb(242, 250, 239)\\"></rect><clipPath id=\\"clip-myTreeMap-41\\"><rect width=\\"18\\" height=\\"59\\"></rect></clipPath><a target=\\"_blank\\"><text clip-path=\\"url(#clip-myTreeMap-41)\\"><tspan font-size=\\"14\\" fill=\\"black\\" dx=\\"4\\" dy=\\"14\\">displayÂ (24,254 MB)</tspan></text></a><g><rect id=\\"rectNumberItems-display\\" x=\\"21\\" y=\\"2\\" width=\\"12\\" height=\\"14\\" fill=\\"rgb(242, 250, 239)\\" fill-opacity=\\"0.9\\" stroke=\\"black\\"></rect><text font-size=\\"14\\" fill=\\"black\\" x=\\"23\\" y=\\"14\\">4</text></g><title>display
24,254 MB
4/1256</title></g><g transform=\\"translate(874,363)\\" class=\\"Node.module_node_2sWtP null\\" id=\\"42\\" style=\\"cursor:pointer\\"><rect id=\\"rect-42\\" width=\\"50\\" height=\\"42\\" fill=\\"rgb(242, 250, 239)\\"></rect><clipPath id=\\"clip-myTreeMap-42\\"><rect width=\\"33\\" height=\\"42\\"></rect></clipPath><a target=\\"_blank\\"><text clip-path=\\"url(#clip-myTreeMap-42)\\"><tspan font-size=\\"14\\" fill=\\"black\\" dx=\\"4\\" dy=\\"14\\">displayÂ (24,254 MB)</tspan></text></a><g><rect id=\\"rectNumberItems-display\\" x=\\"36\\" y=\\"2\\" width=\\"12\\" height=\\"14\\" fill=\\"rgb(242, 250, 239)\\" fill-opacity=\\"0.9\\" stroke=\\"black\\"></rect><text font-size=\\"14\\" fill=\\"black\\" x=\\"38\\" y=\\"14\\">4</text></g><title>display
24,254 MB
4/1256</title></g><g transform=\\"translate(874,406)\\" class=\\"Node.module_node_2sWtP null\\" id=\\"43\\" style=\\"cursor:pointer\\"><rect id=\\"rect-43\\" width=\\"50\\" height=\\"41\\" fill=\\"rgb(242, 250, 239)\\"></rect><clipPath id=\\"clip-myTreeMap-43\\"><rect width=\\"33\\" height=\\"41\\"></rect></clipPath><a target=\\"_blank\\"><text clip-path=\\"url(#clip-myTreeMap-43)\\"><tspan font-size=\\"14\\" fill=\\"black\\" dx=\\"4\\" dy=\\"14\\">displayÂ (24,254 MB)</tspan></text></a><g><rect id=\\"rectNumberItems-display\\" x=\\"36\\" y=\\"2\\" width=\\"12\\" height=\\"14\\" fill=\\"rgb(242, 250, 239)\\" fill-opacity=\\"0.9\\" stroke=\\"black\\"></rect><text font-size=\\"14\\" fill=\\"black\\" x=\\"38\\" y=\\"14\\">4</text></g><title>display
24,254 MB
4/1256</title></g><g transform=\\"translate(925,363)\\" class=\\"Node.module_node_2sWtP null\\" id=\\"44\\" style=\\"cursor:pointer\\"><rect id=\\"rect-44\\" width=\\"36\\" height=\\"59\\" fill=\\"rgb(242, 250, 239)\\"></rect><clipPath id=\\"clip-myTreeMap-44\\"><rect width=\\"19\\" height=\\"59\\"></rect></clipPath><a target=\\"_blank\\"><text clip-path=\\"url(#clip-myTreeMap-44)\\"><tspan font-size=\\"14\\" fill=\\"black\\" dx=\\"4\\" dy=\\"14\\">displayÂ (24,254 MB)</tspan></text></a><g><rect id=\\"rectNumberItems-display\\" x=\\"22\\" y=\\"2\\" width=\\"12\\" height=\\"14\\" fill=\\"rgb(242, 250, 239)\\" fill-opacity=\\"0.9\\" stroke=\\"black\\"></rect><text font-size=\\"14\\" fill=\\"black\\" x=\\"24\\" y=\\"14\\">4</text></g><title>display
24,254 MB
4/1256</title></g><g transform=\\"translate(962,363)\\" class=\\"Node.module_node_2sWtP null\\" id=\\"45\\" style=\\"cursor:pointer\\"><rect id=\\"rect-45\\" width=\\"35\\" height=\\"59\\" fill=\\"rgb(242, 250, 239)\\"></rect><clipPath id=\\"clip-myTreeMap-45\\"><rect width=\\"18\\" height=\\"59\\"></rect></clipPath><a target=\\"_blank\\"><text clip-path=\\"url(#clip-myTreeMap-45)\\"><tspan font-size=\\"14\\" fill=\\"black\\" dx=\\"4\\" dy=\\"14\\">displayÂ (24,254 MB)</tspan></text></a><g><rect id=\\"rectNumberItems-display\\" x=\\"21\\" y=\\"2\\" width=\\"12\\" height=\\"14\\" fill=\\"rgb(242, 250, 239)\\" fill-opacity=\\"0.9\\" stroke=\\"black\\"></rect><text font-size=\\"14\\" fill=\\"black\\" x=\\"23\\" y=\\"14\\">4</text></g><title>display
24,254 MB
4/1256</title></g><g transform=\\"translate(925,423)\\" class=\\"Node.module_node_2sWtP null\\" id=\\"46\\" style=\\"cursor:pointer\\"><rect id=\\"rect-46\\" width=\\"28\\" height=\\"11\\" fill=\\"rgb(247, 252, 245)\\"></rect><clipPath id=\\"clip-myTreeMap-46\\"><rect width=\\"11\\" height=\\"11\\"></rect></clipPath><a target=\\"_blank\\"><text clip-path=\\"url(#clip-myTreeMap-46)\\"><tspan font-size=\\"14\\" fill=\\"black\\" dx=\\"4\\" dy=\\"14\\">flexÂ (4,116 MB)</tspan></text></a><title>flex
4,116 MB
1/1256</title></g><g transform=\\"translate(925,435)\\" class=\\"Node.module_node_2sWtP null\\" id=\\"47\\" style=\\"cursor:pointer\\"><rect id=\\"rect-47\\" width=\\"28\\" height=\\"12\\" fill=\\"rgb(247, 252, 245)\\"></rect><clipPath id=\\"clip-myTreeMap-47\\"><rect width=\\"11\\" height=\\"12\\"></rect></clipPath><a target=\\"_blank\\"><text clip-path=\\"url(#clip-myTreeMap-47)\\"><tspan font-size=\\"14\\" fill=\\"black\\" dx=\\"4\\" dy=\\"14\\">flexÂ (4,116 MB)</tspan></text></a><title>flex
4,116 MB
1/1256</title></g><g transform=\\"translate(954,423)\\" class=\\"Node.module_node_2sWtP null\\" id=\\"48\\" style=\\"cursor:pointer\\"><rect id=\\"rect-48\\" width=\\"28\\" height=\\"11\\" fill=\\"rgb(247, 252, 245)\\"></rect><clipPath id=\\"clip-myTreeMap-48\\"><rect width=\\"11\\" height=\\"11\\"></rect></clipPath><a target=\\"_blank\\"><text clip-path=\\"url(#clip-myTreeMap-48)\\"><tspan font-size=\\"14\\" fill=\\"black\\" dx=\\"4\\" dy=\\"14\\">flexÂ (4,116 MB)</tspan></text></a><title>flex
4,116 MB
1/1256</title></g><g transform=\\"translate(954,435)\\" class=\\"Node.module_node_2sWtP null\\" id=\\"49\\" style=\\"cursor:pointer\\"><rect id=\\"rect-49\\" width=\\"28\\" height=\\"12\\" fill=\\"rgb(247, 252, 245)\\"></rect><clipPath id=\\"clip-myTreeMap-49\\"><rect width=\\"11\\" height=\\"12\\"></rect></clipPath><a target=\\"_blank\\"><text clip-path=\\"url(#clip-myTreeMap-49)\\"><tspan font-size=\\"14\\" fill=\\"black\\" dx=\\"4\\" dy=\\"14\\">flexÂ (4,116 MB)</tspan></text></a><title>flex
4,116 MB
1/1256</title></g><g transform=\\"translate(983,423)\\" class=\\"Node.module_node_2sWtP null\\" id=\\"50\\" style=\\"cursor:pointer\\"><rect id=\\"rect-50\\" width=\\"14\\" height=\\"24\\" fill=\\"rgb(247, 252, 245)\\"></rect><clipPath id=\\"clip-myTreeMap-50\\"><rect width=\\"0\\" height=\\"24\\"></rect></clipPath><a target=\\"_blank\\"><text clip-path=\\"url(#clip-myTreeMap-50)\\"><tspan font-size=\\"14\\" fill=\\"black\\" dx=\\"4\\" dy=\\"14\\">flexÂ (4,116 MB)</tspan></text></a><g><rect id=\\"rectNumberItems-flex\\" x=\\"0\\" y=\\"2\\" width=\\"12\\" height=\\"14\\" fill=\\"rgb(247, 252, 245)\\" fill-opacity=\\"0.9\\" stroke=\\"black\\"></rect><text font-size=\\"14\\" fill=\\"black\\" x=\\"2\\" y=\\"14\\">1</text></g><title>flex
4,116 MB
1/1256</title></g></svg></div></div>"
`;
